Local memory guard: tree RSS <= 3000 MiB; keep 1536 MiB available.
{
  "n_clients": 4,
  "rows_per_client": 2048,
  "test_rows": 1024,
  "total_rows": 8192,
  "class_counts": [
    [
      334,
      6,
      330,
      39,
      320,
      184,
      189,
      4,
      342,
      57,
      2,
      13,
      0,
      46,
      181,
      1
    ],
    [
      73,
      310,
      83,
      223,
      167,
      42,
      302,
      151,
      160,
      0,
      3,
      5,
      224,
      259,
      4,
      42
    ],
    [
      0,
      99,
      4,
      335,
      91,
      171,
      323,
      256,
      532,
      27,
      6,
      143,
      0,
      34,
      0,
      27
    ],
    [
      155,
      274,
      27,
      19,
      5,
      60,
      54,
      207,
      34,
      680,
      127,
      58,
      10,
      50,
      32,
      256
    ]
  ],
  "classes_present_min": 13
}
Peak test-tree RSS: 82 MiB; exit 0
