Local memory guard: tree RSS <= 3000 MiB; keep 1536 MiB available.
simulating tinyproto-fp-mu-sweep: 17 code cells, 4 clients x 2048 rows, 2 rounds

  [skip] cell 0: 2 x T4 probe (cannot pass on one local GPU)
  [exec] cell 1: # --- the grid -------------------------------------------------------------
  run_name               tinyproto_fp_musweep
  scenario               20client
  n_clients              4
  rounds                 2
  local_epochs           1
  lam                    1.0
  cps_s                  50
  mask_seed              42
  mu_kind                inv_mean_nij
  mu_value               1.0
  batch                  64
  eval_batch             512
  lr                     0.001
  weight_decay           0.0001
  betas                  [0.9, 0.999]
  eps                    1e-08
  clip                   1.0
  amp                    True
  compile                False
  eval_group             1
  seed                   42
  num_classes            16
  n_features             66
  feature_dim            256
  max_hours              10.5
  rounds_this_session    None
  require_resume         False
  import_roots           []
  save_preds_rounds      []

grid: [0.1, 1.0]
  [exec] cell 2: import pathlib, sys
package dir: /tmp/tp_review_mu/proj
  [write] cell 3: model.py
  [write] cell 4: cps.py
  [write] cell 5: protos.py
  [write] cell 6: metrics.py
  [write] cell 7: data.py
  [write] cell 8: ckpt.py
  [write] cell 9: evaluate.py
  [write] cell 10: fl_worker.py
  [write] cell 11: driver.py
  [write] cell 12: sweep.py
  [exec] cell 13: EXPECTED_FEATURES = ['f_rcv_pos_noise_x', 'f_rcv_pos_noise_y', 'f_rcv_spd', 
client root: /tmp/tinyproto_fixture
test dir   : /tmp/tinyproto_fixture/test
train 8,192 rows across 4 clients (min 2,048 max 2,048) | test 1,024 rows
GPU split: 2/2 clients, 4,096/4,096 rows, imbalance 0.000%
optimizer steps per round: 128  (256 over 2 rounds)
  [exec] cell 14: cfg = dict(CFG)
estimated output budget: 0.54 GiB (weights, predictions, resume, margin)
  [exec] cell 15: """Grid search for μ, selected on a TRAIN-side validation split.
  client 000: train     2,008  val      40
  client 001: train     2,007  val      41
  client 002: train     2,009  val      39
  client 003: train     2,006  val      42

shared validation set: 162 rows, 0 MiB fp16, class counts [10, 13, 9, 12, 11, 8, 16, 13, 20, 15, 5, 5, 5, 8, 5, 7]

======================================================================
mu multiplier k = 0.1
======================================================================
[cps] {'d': 256, 'K': 16, 's': 50, 'compression_rate': 0.8046875, 'overlap_min': 0, 'overlap_max': 10, 'overlap_mean': 7.275, 'overlap_random_expectation': 9.765625, 'overlap_balanced_floor': 10, 'hamming_min': 80, 'hamming_max': 100, 'hamming_mean': 85.45, 'dims_used': 256, 'dim_usage_min': 2, 'dim_usage_max': 4}
[resume] starting at round 1 of 2 (fingerprint a3f97d7e2d3f8053)
[r0]    decoded 1/4 clients, 2,048 rows, 0s
[r0]    decoded 2/4 clients, 4,096 rows, 0s
[r0]    decoded 3/4 clients, 6,144 rows, 0s
[r0]    decoded 4/4 clients, 8,192 rows, 0s
/tmp/tp_review_mu/proj/fl_worker.py:96: UserWarning: The given NumPy array is not writable, and PyTorch does not support non-writable tensors. This means writing to this tensor will result in undefined behavior. You may want to copy the array to protect its data or make it writable before converting it to a tensor. This type of warning will be suppressed for the rest of this program. (Triggered internally at /__w/pytorch/pytorch/torch/csrc/utils/tensor_numpy.cpp:213.)
  self.Xt = torch.from_numpy(Xt).to(self.dev)
[r0] data resident: train (8192, 66) test (162, 66) (0.00 GiB) in 0s
[r0] compile: {'enabled': False, 'reason': 'disabled by config'}
[setup] workers ready; compile: [{'enabled': False, 'reason': 'disabled by config'}]
[aps] mu[inv_mean_nij] = [0.0007347447073474472, 0.0007347447073474472, 0.0007347447073474472, 0.0007347447073474472] ...
[comm] 6,150 params/round (0.0062 M), 5.1x below dense FedProto
[round 001] ce 0.3028 reg 0.0000 | proto acc 0.8256 F1m 0.7892 | clf acc 0.7006 F1m 0.6302 | 16.1s (train 15.5s eval 0.5s) peak 0.14GB
[round 002] ce 0.0166 reg 0.2566 | proto acc 0.8951 F1m 0.8558 | clf acc 0.8164 F1m 0.7671 | 2.5s (train 2.4s eval 0.0s) peak 0.14GB
MEMORY GUARD STOP: tree RSS 3054 MiB, available 3094 MiB
ERROR conda.cli.main_run:execute(148): `conda run python scripts/run_local_checked.py python tests/notebook_sim.py tinyproto-fp-mu-sweep --work /tmp/tp_review_mu` failed. (See above for error)
