simulating tinyproto-fp-train-20client: 17 code cells, 4 clients x 6000 rows, 2 rounds

  [skip] cell 0: 2 x T4 probe (cannot pass on one local GPU)
  [exec] cell 1: CFG = {
  run_name               sim_20client
  scenario               20client
  n_clients              4
  rounds                 2
  local_epochs           1
  lam                    1.0
  cps_s                  50
  mask_seed              42
  mu_kind                inv_mean_nij
  mu_value               1.0
  require_mu_selection   False
  mu_selection_path      None
  batch                  256
  eval_batch             4096
  lr                     0.001
  weight_decay           0.0001
  betas                  [0.9, 0.999]
  eps                    1e-08
  clip                   1.0
  amp                    True
  compile                False
  eval_group             1
  seed                   42
  num_classes            16
  n_features             66
  feature_dim            256
  max_hours              10.5
  rounds_this_session    None
  require_resume         False
  import_roots           []
  save_preds_rounds      [2]
  [exec] cell 2: import pathlib, sys
package dir: /tmp/tp_review_sim/proj
  [write] cell 3: model.py
  [write] cell 4: cps.py
  [write] cell 5: protos.py
  [write] cell 6: metrics.py
  [write] cell 7: data.py
  [write] cell 8: ckpt.py
  [write] cell 9: evaluate.py
  [write] cell 10: fl_worker.py
  [write] cell 11: driver.py
  [write] cell 12: sweep.py
  [exec] cell 13: EXPECTED_FEATURES = ['f_rcv_pos_noise_x', 'f_rcv_pos_noise_y', 'f_rcv_spd', 
client root: /tmp/tinyproto_fixture
test dir   : /tmp/tinyproto_fixture/test
train 24,000 rows across 4 clients (min 6,000 max 6,000) | test 4,000 rows
GPU split: 2/2 clients, 12,000/12,000 rows, imbalance 0.000%
optimizer steps per round: 96  (192 over 2 rounds)
  [exec] cell 14: cfg = dict(CFG)
estimated output budget: 0.54 GiB (weights, predictions, resume, margin)
  [exec] cell 15: import importlib, proj.driver as D
[cps] {'d': 256, 'K': 16, 's': 50, 'compression_rate': 0.8046875, 'overlap_min': 0, 'overlap_max': 10, 'overlap_mean': 7.275, 'overlap_random_expectation': 9.765625, 'overlap_balanced_floor': 10, 'hamming_min': 80, 'hamming_max': 100, 'hamming_mean': 85.45, 'dims_used': 256, 'dim_usage_min': 2, 'dim_usage_max': 4}
[resume] starting at round 1 of 2 (fingerprint 304da66c41653196)
[r0]    decoded 1/2 clients, 6,000 rows, 0s
[r1]    decoded 1/2 clients, 6,000 rows, 0s
[r1]    decoded 2/2 clients, 12,000 rows, 0s
[r0]    decoded 2/2 clients, 12,000 rows, 0s
[r0] data resident: train (12000, 66) test (4000, 66) (0.00 GiB) in 0s
[r1] data resident: train (12000, 66) test (4000, 66) (0.00 GiB) in 0s
[r0] compile: {'enabled': False, 'reason': 'disabled by config'}
[r1] compile: {'enabled': False, 'reason': 'disabled by config'}
[setup] workers ready; compile: [{'enabled': False, 'reason': 'disabled by config'}, {'enabled': False, 'reason': 'disabled by config'}]
[aps] mu[inv_mean_nij] = [0.002541666666666667, 0.002541666666666667, 0.002541666666666667, 0.002541666666666667] ...
[comm] 6,250 params/round (0.0063 M), 5.1x below dense FedProto
[round 001] ce 0.3346 reg 0.0000 | proto acc 0.6811 F1m 0.6359 | clf acc 0.7418 F1m 0.6889 | 12.8s (train 11.3s eval 1.4s) peak 1.2GB
[round 002] ce 0.0062 reg 0.3199 | proto acc 0.7486 F1m 0.7175 | clf acc 0.8644 F1m 0.8307 | 1.5s (train 1.3s eval 0.1s) peak 1.2GB
{
  "last_round": 2,
  "run_dir": "/tmp/tp_review_sim/runs/sim_20client"
} 
total 21s
  [exec] cell 16: import pandas as pd
Completed 2/2 rounds

=== rule: proto  (mean over all 4 clients, full test set) ===
   round  proto_accuracy  proto_precision_macro  proto_precision_micro  proto_precision_weighted  proto_recall_macro  proto_recall_micro  proto_recall_weighted  proto_f1_macro  proto_f1_micro  proto_f1_weighted
0      1        0.681062               0.693394               0.681062                  0.692395            0.687951            0.681062               0.681062        0.635902        0.681062           0.632295
1      2        0.748562               0.801550               0.748562                  0.800175            0.750027            0.748562               0.748562        0.717539        0.748562           0.717213

=== rule: clf  (mean over all 4 clients, full test set) ===
   round  clf_accuracy  clf_precision_macro  clf_precision_micro  clf_precision_weighted  clf_recall_macro  clf_recall_micro  clf_recall_weighted  clf_f1_macro  clf_f1_micro  clf_f1_weighted
0      1      0.741750             0.729031             0.741750                0.728453          0.745459          0.741750             0.741750      0.688928      0.741750         0.686574
1      2      0.864438             0.842077             0.864438                0.838916          0.868664          0.864438             0.864438      0.830737      0.864438         0.826434

last completed round (primary report): 2

--- per-class, round 2, rule=proto (pooled over clients) ---
                         class  support  precision  recall      f1
0                       benign      952     0.7664  0.5651  0.6505
1   accelerationMultiplication     1004     0.9602  0.8894  0.9235
2       constantPositionOffset     1052     0.4849  0.8574  0.6195
3          constantSpeedOffset     1000     0.9770  0.8060  0.8833
4                   dataReplay     1116     0.6655  0.8557  0.7487
5                    dosAttack      880     0.9963  0.9295  0.9618
6               feignedBraking     1104     0.9646  0.8388  0.8973
7            positionMirroring      856     0.5640  0.7313  0.6368
8         randomPositionOffset      972     1.0000  0.4300  0.6014
9            randomSpeedOffset      988     0.9958  0.4818  0.6494
10             reversedHeading     1028     0.7365  0.9786  0.8404
11         suddenConstantSpeed      944     0.4342  0.9958  0.6047
12                  suddenStop     1108     0.9920  0.2247  0.3664
13             timeDelayAttack      944     0.9970  0.7066  0.8270
14      trafficCongestionSybil     1012     0.8645  0.7500  0.8032
15             zeroSpeedReport     1040     0.8816  0.9596  0.9190

--- spread across clients, round 2 ---
  proto f1_macro mean 0.7175 std 0.1236 min 0.5140 max 0.8407 | pooled 0.7458
  clf   f1_macro mean 0.8307 std 0.0592 min 0.7340 max 0.8923 | pooled 0.8586

communication: 6,250 params/round (5.12x below dense FedProto)

notebook simulation completed with no error
committed rounds: ['round_001.done', 'round_002.done']
