[{"stream_name":"stderr","time":11.671229392,"data":"0.00s - Debugger warning: It seems that frozen modules are being used, which may\n"}
,{"stream_name":"stderr","time":11.6712782,"data":"0.00s - make the debugger miss breakpoints. Please pass -Xfrozen_modules=off\n"}
,{"stream_name":"stderr","time":11.67128315,"data":"0.00s - to python to disable frozen modules.\n"}
,{"stream_name":"stderr","time":11.671286175,"data":"0.00s - Note: Debugging will proceed. Set PYDEVD_DISABLE_FILE_VALIDATION=1 to disable this validation.\n"}
,{"stream_name":"stderr","time":12.496782908,"data":"0.00s - Debugger warning: It seems that frozen modules are being used, which may\n"}
,{"stream_name":"stderr","time":12.496834808,"data":"0.00s - make the debugger miss breakpoints. Please pass -Xfrozen_modules=off\n"}
,{"stream_name":"stderr","time":12.496839782,"data":"0.00s - to python to disable frozen modules.\n"}
,{"stream_name":"stderr","time":12.49684278,"data":"0.00s - Note: Debugging will proceed. Set PYDEVD_DISABLE_FILE_VALIDATION=1 to disable this validation.\n"}
,{"stream_name":"stdout","time":23.149453951,"data":"devices: ['Tesla T4', 'Tesla T4'] [(7, 5), (7, 5)]\n"}
,{"stream_name":"stdout","time":23.149520419,"data":"torch 2.10.0+cu128 | cuda 12.8\n"}
,{"stream_name":"stdout","time":23.465383754,"data":"  gpu0: 14.5 GiB free of 14.6 GiB\n"}
,{"stream_name":"stdout","time":23.465418209,"data":"  gpu1: 14.5 GiB free of 14.6 GiB\n"}
,{"stream_name":"stdout","time":23.465424082,"data":"host RAM: Mem:              31           1          26           0           3          29\n"}
,{"stream_name":"stdout","time":23.465428564,"data":"input mounts: ['datasets']\n"}
,{"stream_name":"stdout","time":23.489076556,"data":"{\n"}
,{"stream_name":"stdout","time":23.48910498,"data":"  \"clients\": 20,\n"}
,{"stream_name":"stdout","time":23.489109844,"data":"  \"batch\": 512,\n"}
,{"stream_name":"stdout","time":23.48911352,"data":"  \"rounds\": 50,\n"}
,{"stream_name":"stdout","time":23.489117016,"data":"  \"run_dir\": \"/kaggle/working/runs/afpha-dagsnet-20client\",\n"}
,{"stream_name":"stdout","time":23.489122552,"data":"  \"require_resume\": false\n"}
,{"stream_name":"stdout","time":23.489130421,"data":"}\n"}
,{"stream_name":"stdout","time":24.045361901,"data":"DAGSNet rebuilt: 395,024 parameters, 3,295 buffer elements, forward (4, 16)\n"}
,{"stream_name":"stdout","time":24.045395573,"data":"metric keys: ['accuracy', 'precision_macro', 'precision_micro', 'precision_weighted', 'recall_macro', 'recall_micro', 'recall_weighted', 'f1_macro', 'f1_micro', 'f1_weighted']\n"}
,{"stream_name":"stderr","time":26.649972058,"data":"\u001b[34m\u001b[1mwandb\u001b[0m: \u001b[33mWARNING\u001b[0m The anonymous parameter to wandb.login() has no effect and will be removed in future versions.\n"}
,{"stream_name":"stderr","time":26.650021827,"data":"\n"}
,{"stream_name":"stderr","time":26.650025599,"data":"\u001b[34m\u001b[1mwandb\u001b[0m: \u001b[33mWARNING\u001b[0m The anonymous parameter to wandb.login() has no effect and will be removed in future versions.\n"}
,{"stream_name":"stdout","time":26.732717119,"data":"wandb 0.26.1\n"}
,{"stream_name":"stdout","time":26.732751164,"data":"{\n"}
,{"stream_name":"stdout","time":26.732756699,"data":"  \"available\": false,\n"}
,{"stream_name":"stdout","time":26.732760919,"data":"  \"error\": \"ConnectionError: Connection error trying to communicate with service.\"\n"}
,{"stream_name":"stdout","time":26.732765442,"data":"}\n"}
,{"stream_name":"stdout","time":27.504236145,"data":"W\u0026B login ok via inline | entity 21522798-uit\n"}
,{"stream_name":"stdout","time":27.532199027,"data":"/usr/bin/python3 /kaggle/working/src/fl_train.py --clients 20 --out /kaggle/working/runs/afpha-dagsnet-20client --scratch /kaggle/temp/prepack --arch /kaggle/working/src --data-search /kaggle/input --test-search /kaggle/input --rounds 50 --eval-batch 16384 --compile-mode reduce-overhead --max-hours 6.0 --wandb-project afpha-dagsnet-veremi --resume-search /kaggle/input\n"}
,{"stream_name":"stdout","time":29.629966987,"data":"CUDA devices: ['Tesla T4', 'Tesla T4']\n"}
,{"stream_name":"stdout","time":29.711981557,"data":"train root: /kaggle/input/datasets/odixe0502/veremi-fl-20client/20_client\n"}
,{"stream_name":"stdout","time":29.713107246,"data":"test root : /kaggle/input/datasets/odixe0502/veremi-nextgen2026-centralized/upload\n"}
,{"stream_name":"stdout","time":35.075139071,"data":"W\u0026B: https://wandb.ai/21522798-uit/afpha-dagsnet-veremi/runs/afpha-dagsnet-20client\n"}
,{"stream_name":"stdout","time":42.421721075,"data":"20 clients, 43,045,415 rows, 10,761,343 test rows, 84,083 optimizer steps/round\n"}
,{"stream_name":"stdout","time":42.637673737,"data":"  reading train partitions\n"}
,{"stream_name":"stdout","time":44.349952393,"data":"  20 clients, 43,045,415 rows, 5.29 GiB as fp16\n"}
,{"stream_name":"stdout","time":106.486961864,"data":"  client 10/20  21,973,034 rows  62s\n"}
,{"stream_name":"stdout","time":158.964434638,"data":"  client 20/20  43,045,415 rows  115s\n"}
,{"stream_name":"stdout","time":161.350659904,"data":"  train ready in 116s, |x|max~570.5, classes present 16/16\n"}
,{"stream_name":"stdout","time":170.472512233,"data":"  reading test\n"}
,{"stream_name":"stdout","time":170.527187341,"data":"  test 10,761,343 rows from 4 files\n"}
,{"stream_name":"stdout","time":213.884795962,"data":"  test ready in 43s, |x|max~570.5\n"}
,{"stream_name":"stdout","time":214.699683127,"data":"  prepack done in 172s (train 128s, test 44s)\n"}
,{"stream_name":"stdout","time":217.333367879,"data":"[gpu0] Tesla T4 cap=(7, 5)\n"}
,{"stream_name":"stdout","time":217.342021639,"data":"/kaggle/working/src/worker.py:30: UserWarning: The given NumPy array is not writable, and PyTorch does not support non-writable tensors. This means writing to this tensor will result in undefined behavior. You may want to copy the array to protect its data or make it writable before converting it to a tensor. This type of warning will be suppressed for the rest of this program. (Triggered internally at /pytorch/torch/csrc/utils/tensor_numpy.cpp:213.)\n"}
,{"stream_name":"stdout","time":217.342912692,"data":"  out[i:i + chunk] = torch.from_numpy(np.ascontiguousarray(arr[i:i + chunk])).to(\n"}
,{"stream_name":"stdout","time":217.358589006,"data":"[gpu1] Tesla T4 cap=(7, 5)\n"}
,{"stream_name":"stdout","time":217.362336104,"data":"/kaggle/working/src/worker.py:30: UserWarning: The given NumPy array is not writable, and PyTorch does not support non-writable tensors. This means writing to this tensor will result in undefined behavior. You may want to copy the array to protect its data or make it writable before converting it to a tensor. This type of warning will be suppressed for the rest of this program. (Triggered internally at /pytorch/torch/csrc/utils/tensor_numpy.cpp:213.)\n"}
,{"stream_name":"stdout","time":217.36370485,"data":"  out[i:i + chunk] = torch.from_numpy(np.ascontiguousarray(arr[i:i + chunk])).to(\n"}
,{"stream_name":"stdout","time":219.234696689,"data":"[gpu0] resident: train torch.Size([43045415, 66]) + test shard torch.Size([5380672, 66]) in 2s, 6.31 GiB allocated\n"}
,{"stream_name":"stdout","time":219.237199399,"data":"[gpu1] resident: train torch.Size([43045415, 66]) + test shard torch.Size([5380671, 66]) in 2s, 6.31 GiB allocated\n"}
,{"stream_name":"stdout","time":251.295907656,"data":"W0907 10:43:27.703000 89 torch/_inductor/utils.py:1679] [0/0] Not enough SMs to use max_autotune_gemm mode\n"}
,{"stream_name":"stdout","time":251.29800131,"data":"W0907 10:43:27.704000 90 torch/_inductor/utils.py:1679] [0/0] Not enough SMs to use max_autotune_gemm mode\n"}
,{"stream_name":"stdout","time":325.539386128,"data":"[gpu1]     compile mode=reduce-overhead ok (max|dlogit|=4.88e-04, 0 argmax disagreements on 506/512 decisive rows)\n"}
,{"stream_name":"stdout","time":325.540722931,"data":"[gpu0]     compile mode=reduce-overhead ok (max|dlogit|=4.88e-04, 0 argmax disagreements on 491/512 decisive rows)\n"}
,{"stream_name":"stdout","time":325.541704666,"data":"workers ready: {\"1\": {\"compile_mode\": \"reduce-overhead\", \"device_name\": \"Tesla T4\", \"capability\": [7, 5], \"free_GiB\": 7.489013671875, \"total_GiB\": 14.56219482421875, \"resident_GiB\": 6.316218852996826}, \"0\": {\"compile_mode\": \"reduce-overhead\", \"device_name\": \"Tesla T4\", \"capability\": [7, 5], \"free_GiB\": 7.489013671875, \"total_GiB\": 14.56219482421875, \"resident_GiB\": 6.316218852996826}}\n"}
,{"stream_name":"stdout","time":481.17531337,"data":"  {\"round\": 1, \"clients_done\": 5, \"of\": 20, \"lr\": 0.001, \"ce_mean\": 0.30629194368448576, \"grad_norm\": 1.3628007011145853, \"skipped\": 1, \"elapsed_s\": 155.6}\n"}
,{"stream_name":"stdout","time":577.995502037,"data":"  {\"round\": 1, \"clients_done\": 10, \"of\": 20, \"lr\": 0.001, \"ce_mean\": 0.2532013150501383, \"grad_norm\": 1.2567473309993085, \"skipped\": 1, \"elapsed_s\": 252.4}\n"}
,{"stream_name":"stdout","time":635.587328896,"data":"  {\"round\": 1, \"clients_done\": 15, \"of\": 20, \"lr\": 0.001, \"ce_mean\": 0.37446959740755803, \"grad_norm\": 1.6440737117481534, \"skipped\": 0, \"elapsed_s\": 310.0}\n"}
,{"stream_name":"stdout","time":692.583631634,"data":"  {\"round\": 1, \"clients_done\": 20, \"of\": 20, \"lr\": 0.001, \"ce_mean\": 0.35443258846507353, \"grad_norm\": 1.70048828125, \"skipped\": 0, \"elapsed_s\": 367.0}\n"}
,{"stream_name":"stdout","time":730.952475177,"data":"  {\"round\": 1, \"completed\": true, \"accuracy\": 0.447247, \"precision_macro\": 0.461433, \"precision_micro\": 0.447247, \"precision_weighted\": 0.53854, \"recall_macro\": 0.230891, \"recall_micro\": 0.447247, \"recall_weighted\": 0.447247, \"f1_macro\": 0.222937, \"f1_micro\": 0.447247, \"f1_weighted\": 0.404114, \"train_s\": 367.0, \"aggregate_s\": 0.0, \"eval_s\": 38.3, \"round_s\": 405.4, \"commit_s\": 0.0, \"worst_round_s\": 405.4}\n"}
,{"stream_name":"stdout","time":883.42090503,"data":"  {\"round\": 2, \"clients_done\": 5, \"of\": 20, \"lr\": 0.0009989829694114164, \"ce_mean\": 0.2921595316858242, \"grad_norm\": 1.4192568037778928, \"skipped\": 1, \"elapsed_s\": 152.5}\n"}
,{"stream_name":"stdout","time":971.352907082,"data":"  {\"round\": 2, \"clients_done\": 10, \"of\": 20, \"lr\": 0.0009989829694114164, \"ce_mean\": 0.23832018418265907, \"grad_norm\": 1.3473312694502075, \"skipped\": 1, \"elapsed_s\": 240.4}\n"}
,{"stream_name":"stdout","time":1032.567172622,"data":"  {\"round\": 2, \"clients_done\": 15, \"of\": 20, \"lr\": 0.0009989829694114164, \"ce_mean\": 0.35472271704900193, \"grad_norm\": 1.7199768002000528, \"skipped\": 0, \"elapsed_s\": 301.6}\n"}
,{"stream_name":"stdout","time":1083.571027368,"data":"  {\"round\": 2, \"clients_done\": 20, \"of\": 20, \"lr\": 0.0009989829694114164, \"ce_mean\": 0.32199917546856605, \"grad_norm\": 1.7898518257522809, \"skipped\": 1, \"elapsed_s\": 352.6}\n"}
,{"stream_name":"stdout","time":1100.365956328,"data":"  {\"round\": 2, \"completed\": true, \"accuracy\": 0.778094, \"precision_macro\": 0.746967, \"precision_micro\": 0.778094, \"precision_weighted\": 0.75755, \"recall_macro\": 0.576228, \"recall_micro\": 0.778094, \"recall_weighted\": 0.778094, \"f1_macro\": 0.585704, \"f1_micro\": 0.778094, \"f1_weighted\": 0.728173, \"train_s\": 352.6, \"aggregate_s\": 0.0, \"eval_s\": 16.7, \"round_s\": 369.4, \"commit_s\": 0.0, \"worst_round_s\": 405.4}\n"}
,{"stream_name":"stdout","time":1239.691165562,"data":"  {\"round\": 3, \"clients_done\": 5, \"of\": 20, \"lr\": 0.0009959360568425068, \"ce_mean\": 0.26818181938023083, \"grad_norm\": 1.3797040572691686, \"skipped\": 2, \"elapsed_s\": 139.3}\n"}
,{"stream_name":"stdout","time":1327.559355323,"data":"  {\"round\": 3, \"clients_done\": 10, \"of\": 20, \"lr\": 0.0009959360568425068, \"ce_mean\": 0.21522238745893846, \"grad_norm\": 1.3133813375259336, \"skipped\": 1, \"elapsed_s\": 227.2}\n"}
,{"stream_name":"stdout","time":1375.630534159,"data":"  {\"round\": 3, \"clients_done\": 15, \"of\": 20, \"lr\": 0.0009959360568425068, \"ce_mean\": 0.3200617662036528, \"grad_norm\": 1.6810016672347818, \"skipped\": 1, \"elapsed_s\": 275.3}\n"}
,{"stream_name":"stdout","time":1425.119741303,"data":"  {\"round\": 3, \"clients_done\": 20, \"of\": 20, \"lr\": 0.0009959360568425068, \"ce_mean\": 0.2863843175788147, \"grad_norm\": 1.7532511369279724, \"skipped\": 1, \"elapsed_s\": 324.7}\n"}
,{"stream_name":"stdout","time":1441.963666837,"data":"  {\"round\": 3, \"completed\": true, \"accuracy\": 0.810807, \"precision_macro\": 0.784595, \"precision_micro\": 0.810807, \"precision_weighted\": 0.787825, \"recall_macro\": 0.672427, \"recall_micro\": 0.810807, \"recall_weighted\": 0.810807, \"f1_macro\": 0.691805, \"f1_micro\": 0.810807, \"f1_weighted\": 0.772919, \"train_s\": 324.7, \"aggregate_s\": 0.0, \"eval_s\": 16.8, \"round_s\": 341.6, \"commit_s\": 0.0, \"worst_round_s\": 405.4}\n"}
,{"stream_name":"stdout","time":1581.438412124,"data":"  {\"round\": 4, \"clients_done\": 5, \"of\": 20, \"lr\": 0.0009908717827105773, \"ce_mean\": 0.23928356702857786, \"grad_norm\": 1.5158287508438344, \"skipped\": 3, \"elapsed_s\": 139.5}\n"}
,{"stream_name":"stdout","time":1669.851988856,"data":"  {\"round\": 4, \"clients_done\": 10, \"of\": 20, \"lr\": 0.0009908717827105773, \"ce_mean\": 0.19989273755274625, \"grad_norm\": 1.25968523558557, \"skipped\": 2, \"elapsed_s\": 227.9}\n"}
,{"stream_name":"stdout","time":1719.71003255,"data":"  {\"round\": 4, \"clients_done\": 15, \"of\": 20, \"lr\": 0.0009908717827105773, \"ce_mean\": 0.29460864567068745, \"grad_norm\": 1.6804233580555066, \"skipped\": 1, \"elapsed_s\": 277.7}\n"}
,{"stream_name":"stdout","time":1764.914032896,"data":"  {\"round\": 4, \"clients_done\": 20, \"of\": 20, \"lr\": 0.0009908717827105773, \"ce_mean\": 0.2610692410977045, \"grad_norm\": 1.72340289784432, \"skipped\": 1, \"elapsed_s\": 322.9}\n"}
,{"stream_name":"stdout","time":1781.445903255,"data":"  {\"round\": 4, \"completed\": true, \"accuracy\": 0.818184, \"precision_macro\": 0.788118, \"precision_micro\": 0.818184, \"precision_weighted\": 0.794864, \"recall_macro\": 0.697345, \"recall_micro\": 0.818184, \"recall_weighted\": 0.818184, \"f1_macro\": 0.716842, \"f1_micro\": 0.818184, \"f1_weighted\": 0.785541, \"train_s\": 322.9, \"aggregate_s\": 0.0, \"eval_s\": 16.5, \"round_s\": 339.5, \"commit_s\": 0.0, \"worst_round_s\": 405.4}\n"}
,{"stream_name":"stdout","time":1924.485443335,"data":"  {\"round\": 5, \"clients_done\": 5, \"of\": 20, \"lr\": 0.0009838109572043196, \"ce_mean\": 0.21991956764035778, \"grad_norm\": 1.6715513543541853, \"skipped\": 3, \"elapsed_s\": 143.0}\n"}
,{"stream_name":"stdout","time":2011.071066003,"data":"  {\"round\": 5, \"clients_done\": 10, \"of\": 20, \"lr\": 0.0009838109572043196, \"ce_mean\": 0.18776199180379255, \"grad_norm\": 1.2295381243082457, \"skipped\": 2, \"elapsed_s\": 229.6}\n"}
,{"stream_name":"stdout","time":2058.708411979,"data":"  {\"round\": 5, \"clients_done\": 15, \"of\": 20, \"lr\": 0.0009838109572043196, \"ce_mean\": 0.36019832710597827, \"grad_norm\": 1.8604454823369565, \"skipped\": 1, \"elapsed_s\": 277.3}\n"}
,{"stream_name":"stdout","time":2104.799610245,"data":"  {\"round\": 5, \"clients_done\": 20, \"of\": 20, \"lr\": 0.0009838109572043196, \"ce_mean\": 0.2323805738253644, \"grad_norm\": 1.8703317091799176, \"skipped\": 2, \"elapsed_s\": 323.3}\n"}
,{"stream_name":"stdout","time":2121.756850766,"data":"  {\"round\": 5, \"completed\": true, \"accuracy\": 0.820049, \"precision_macro\": 0.799072, \"precision_micro\": 0.820049, \"precision_weighted\": 0.80041, \"recall_macro\": 0.706119, \"recall_micro\": 0.820049, \"recall_weighted\": 0.820049, \"f1_macro\": 0.73021, \"f1_micro\": 0.820049, \"f1_weighted\": 0.793346, \"train_s\": 323.3, \"aggregate_s\": 0.0, \"eval_s\": 16.9, \"round_s\": 340.3, \"commit_s\": 0.0, \"worst_round_s\": 405.4}\n"}
,{"stream_name":"stdout","time":2262.611774251,"data":"  {\"round\": 6, \"clients_done\": 5, \"of\": 20, \"lr\": 0.000974782594770281, \"ce_mean\": 0.20858627280873018, \"grad_norm\": 1.7293198736271156, \"skipped\": 4, \"elapsed_s\": 140.8}\n"}
,{"stream_name":"stdout","time":2346.278402446,"data":"  {\"round\": 6, \"clients_done\": 10, \"of\": 20, \"lr\": 0.000974782594770281, \"ce_mean\": 0.1785444165701093, \"grad_norm\": 1.2096355968110126, \"skipped\": 2, \"elapsed_s\": 224.5}\n"}
,{"stream_name":"stdout","time":2398.412289462,"data":"  {\"round\": 6, \"clients_done\": 15, \"of\": 20, \"lr\": 0.000974782594770281, \"ce_mean\": 0.24841267774743708, \"grad_norm\": 2.0270974610062478, \"skipped\": 2, \"elapsed_s\": 276.6}\n"}
,{"stream_name":"stdout","time":2441.015765711,"data":"  {\"round\": 6, \"clients_done\": 20, \"of\": 20, \"lr\": 0.000974782594770281, \"ce_mean\": 0.21367836335721124, \"grad_norm\": 2.1450014041322922, \"skipped\": 3, \"elapsed_s\": 319.2}\n"}
,{"stream_name":"stdout","time":2457.634104898,"data":"  {\"round\": 6, \"completed\": true, \"accuracy\": 0.827942, \"precision_macro\": 0.806527, \"precision_micro\": 0.827942, \"precision_weighted\": 0.807204, \"recall_macro\": 0.726252, \"recall_micro\": 0.827942, \"recall_weighted\": 0.827942, \"f1_macro\": 0.748655, \"f1_micro\": 0.827942, \"f1_weighted\": 0.802045, \"train_s\": 319.2, \"aggregate_s\": 0.1, \"eval_s\": 16.6, \"round_s\": 335.8, \"commit_s\": 0.0, \"worst_round_s\": 405.4}\n"}
,{"stream_name":"stdout","time":2597.584994048,"data":"  {\"round\": 7, \"clients_done\": 5, \"of\": 20, \"lr\": 0.0009638237948862808, \"ce_mean\": 0.19780300691224792, \"grad_norm\": 1.7982055092613431, \"skipped\": 4, \"elapsed_s\": 139.9}\n"}
,{"stream_name":"stdout","time":2685.199695959,"data":"  {\"round\": 7, \"clients_done\": 10, \"of\": 20, \"lr\": 0.0009638237948862808, \"ce_mean\": 0.16790011710645747, \"grad_norm\": 1.2213668633298755, \"skipped\": 1, \"elapsed_s\": 227.6}\n"}
,{"stream_name":"stdout","time":2732.836961982,"data":"  {\"round\": 7, \"clients_done\": 15, \"of\": 20, \"lr\": 0.0009638237948862808, \"ce_mean\": 0.32104441200944134, \"grad_norm\": 2.2342691179189873, \"skipped\": 3, \"elapsed_s\": 275.2}\n"}
,{"stream_name":"stdout","time":2779.135370069,"data":"  {\"round\": 7, \"clients_done\": 20, \"of\": 20, \"lr\": 0.0009638237948862808, \"ce_mean\": 0.20333227495902695, \"grad_norm\": 2.2132042529095464, \"skipped\": 3, \"elapsed_s\": 321.5}\n"}
,{"stream_name":"stdout","time":2796.083254798,"data":"  {\"round\": 7, \"completed\": true, \"accuracy\": 0.823473, \"precision_macro\": 0.811834, \"precision_micro\": 0.823473, \"precision_weighted\": 0.810621, \"recall_macro\": 0.739231, \"recall_micro\": 0.823473, \"recall_weighted\": 0.823473, \"f1_macro\": 0.762826, \"f1_micro\": 0.823473, \"f1_weighted\": 0.80686, \"train_s\": 321.5, \"aggregate_s\": 0.0, \"eval_s\": 16.9, \"round_s\": 338.4, \"commit_s\": 0.0, \"worst_round_s\": 405.4}\n"}
,{"stream_name":"stdout","time":2935.003463513,"data":"  {\"round\": 8, \"clients_done\": 5, \"of\": 20, \"lr\": 0.0009509795896116975, \"ce_mean\": 0.18740852419146112, \"grad_norm\": 1.8007228742797983, \"skipped\": 4, \"elapsed_s\": 138.9}\n"}
,{"stream_name":"stdout","time":3023.379016488,"data":"  {\"round\": 8, \"clients_done\": 10, \"of\": 20, \"lr\": 0.0009509795896116975, \"ce_mean\": 0.15849837032417335, \"grad_norm\": 1.2308012514267432, \"skipped\": 2, \"elapsed_s\": 227.3}\n"}
,{"stream_name":"stdout","time":3072.841423613,"data":"  {\"round\": 8, \"clients_done\": 15, \"of\": 20, \"lr\": 0.0009509795896116975, \"ce_mean\": 0.22321928265481905, \"grad_norm\": 2.0356914846777032, \"skipped\": 4, \"elapsed_s\": 276.7}\n"}
,{"stream_name":"stdout","time":3119.94935783,"data":"  {\"round\": 8, \"clients_done\": 20, \"of\": 20, \"lr\": 0.0009509795896116975, \"ce_mean\": 0.19493965324262486, \"grad_norm\": 2.2589261668109164, \"skipped\": 3, \"elapsed_s\": 323.9}\n"}
,{"stream_name":"stdout","time":3136.489505575,"data":"  {\"round\": 8, \"completed\": true, \"accuracy\": 0.826844, \"precision_macro\": 0.815407, \"precision_micro\": 0.826844, \"precision_weighted\": 0.812489, \"recall_macro\": 0.746666, \"recall_micro\": 0.826844, \"recall_weighted\": 0.826844, \"f1_macro\": 0.769976, \"f1_micro\": 0.826844, \"f1_weighted\": 0.81121, \"train_s\": 323.9, \"aggregate_s\": 0.0, \"eval_s\": 16.5, \"round_s\": 340.4, \"commit_s\": 0.0, \"worst_round_s\": 405.4}\n"}
,{"stream_name":"stdout","time":3279.179938346,"data":"  {\"round\": 9, \"clients_done\": 5, \"of\": 20, \"lr\": 0.0009363027585410778, \"ce_mean\": 0.17820823815043213, \"grad_norm\": 1.7635517827804286, \"skipped\": 4, \"elapsed_s\": 142.7}\n"}
,{"stream_name":"stdout","time":3363.765376685,"data":"  {\"round\": 9, \"clients_done\": 10, \"of\": 20, \"lr\": 0.0009363027585410778, \"ce_mean\": 0.15183510681405601, \"grad_norm\": 1.2458945204443292, \"skipped\": 1, \"elapsed_s\": 227.3}\n"}
,{"stream_name":"stdout","time":3415.493283848,"data":"  {\"round\": 9, \"clients_done\": 15, \"of\": 20, \"lr\": 0.0009363027585410778, \"ce_mean\": 0.21397384315697648, \"grad_norm\": 2.005842175942233, \"skipped\": 4, \"elapsed_s\": 279.0}\n"}
,{"stream_name":"stdout","time":3457.178172459,"data":"  {\"round\": 9, \"clients_done\": 20, \"of\": 20, \"lr\": 0.0009363027585410778, \"ce_mean\": 0.1845227727350199, \"grad_norm\": 2.101375219956884, \"skipped\": 4, \"elapsed_s\": 320.7}\n"}
,{"stream_name":"stdout","time":3473.723570313,"data":"  {\"round\": 9, \"completed\": true, \"accuracy\": 0.81415, \"precision_macro\": 0.81725, \"precision_micro\": 0.81415, \"precision_weighted\": 0.814716, \"recall_macro\": 0.755929, \"recall_micro\": 0.81415, \"recall_weighted\": 0.81415, \"f1_macro\": 0.777317, \"f1_micro\": 0.81415, \"f1_weighted\": 0.80909, \"train_s\": 320.7, \"aggregate_s\": 0.0, \"eval_s\": 16.5, \"round_s\": 337.2, \"commit_s\": 0.0, \"worst_round_s\": 405.4}\n"}
,{"stream_name":"stdout","time":3616.957436695,"data":"  {\"round\": 10, \"clients_done\": 5, \"of\": 20, \"lr\": 0.0009198536119214611, \"ce_mean\": 0.17051014884753668, \"grad_norm\": 1.736886035121084, \"skipped\": 4, \"elapsed_s\": 143.2}\n"}
,{"stream_name":"stdout","time":3702.786774498,"data":"  {\"round\": 10, \"clients_done\": 10, \"of\": 20, \"lr\": 0.0009198536119214611, \"ce_mean\": 0.14506193835496506, \"grad_norm\": 1.2559186875259407, \"skipped\": 2, \"elapsed_s\": 229.0}\n"}
,{"stream_name":"stdout","time":3755.611797631,"data":"  {\"round\": 10, \"clients_done\": 15, \"of\": 20, \"lr\": 0.0009198536119214611, \"ce_mean\": 0.20412427875357614, \"grad_norm\": 1.9516450264084506, \"skipped\": 3, \"elapsed_s\": 281.9}\n"}
,{"stream_name":"stdout","time":3797.950681498,"data":"  {\"round\": 10, \"clients_done\": 20, \"of\": 20, \"lr\": 0.0009198536119214611, \"ce_mean\": 0.1771248866335813, \"grad_norm\": 2.0538965246574836, \"skipped\": 3, \"elapsed_s\": 324.2}\n"}
,{"stream_name":"stdout","time":3814.479640961,"data":"  {\"round\": 10, \"completed\": true, \"accuracy\": 0.804987, \"precision_macro\": 0.814514, \"precision_micro\": 0.804987, \"precision_weighted\": 0.812896, \"recall_macro\": 0.761156, \"recall_micro\": 0.804987, \"recall_weighted\": 0.804987, \"f1_macro\": 0.779813, \"f1_micro\": 0.804987, \"f1_weighted\": 0.804985, \"train_s\": 324.2, \"aggregate_s\": 0.1, \"eval_s\": 16.4, \"round_s\": 340.7, \"commit_s\": 0.0, \"worst_round_s\": 405.4}\n"}
,{"stream_name":"stdout","time":3953.178310651,"data":"  {\"round\": 11, \"clients_done\": 5, \"of\": 20, \"lr\": 0.0009016997428246386, \"ce_mean\": 0.1634500824293302, \"grad_norm\": 1.6875766620903854, \"skipped\": 4, \"elapsed_s\": 138.7}\n"}
,{"stream_name":"stdout","time":4042.626487591,"data":"  {\"round\": 11, \"clients_done\": 10, \"of\": 20, \"lr\": 0.0009016997428246386, \"ce_mean\": 0.1394165410610214, \"grad_norm\": 1.2614038126469977, \"skipped\": 2, \"elapsed_s\": 228.1}\n"}
,{"stream_name":"stdout","time":4089.962649016,"data":"  {\"round\": 11, \"clients_done\": 15, \"of\": 20, \"lr\": 0.0009016997428246386, \"ce_mean\": 0.19633015377420773, \"grad_norm\": 1.9052156690140845, \"skipped\": 3, \"elapsed_s\": 275.5}\n"}
,{"stream_name":"stdout","time":4135.968406909,"data":"  {\"round\": 11, \"clients_done\": 20, \"of\": 20, \"lr\": 0.0009016997428246386, \"ce_mean\": 0.16846057395058375, \"grad_norm\": 1.9362417478454625, \"skipped\": 3, \"elapsed_s\": 321.5}\n"}
,{"stream_name":"stdout","time":4153.061228172,"data":"  {\"round\": 11, \"completed\": true, \"accuracy\": 0.800093, \"precision_macro\": 0.81327, \"precision_micro\": 0.800093, \"precision_weighted\": 0.810397, \"recall_macro\": 0.763818, \"recall_micro\": 0.800093, \"recall_weighted\": 0.800093, \"f1_macro\": 0.781954, \"f1_micro\": 0.800093, \"f1_weighted\": 0.802803, \"train_s\": 321.5, \"aggregate_s\": 0.0, \"eval_s\": 17.0, \"round_s\": 338.5, \"commit_s\": 0.0, \"worst_round_s\": 405.4}\n"}
,{"stream_name":"stdout","time":4293.113336385,"data":"  {\"round\": 12, \"clients_done\": 5, \"of\": 20, \"lr\": 0.0008819157493927215, \"ce_mean\": 0.1574188661008676, \"grad_norm\": 1.6578495298996219, \"skipped\": 4, \"elapsed_s\": 140.0}\n"}
,{"stream_name":"stdout","time":4375.771855944,"data":"  {\"round\": 12, \"clients_done\": 10, \"of\": 20, \"lr\": 0.0008819157493927215, \"ce_mean\": 0.13419937783997563, \"grad_norm\": 1.248879952528362, \"skipped\": 2, \"elapsed_s\": 222.7}\n"}
,{"stream_name":"stdout","time":4428.598578206,"data":"  {\"round\": 12, \"clients_done\": 15, \"of\": 20, \"lr\": 0.0008819157493927215, \"ce_mean\": 0.18877086370763643, \"grad_norm\": 1.894466260453345, \"skipped\": 3, \"elapsed_s\": 275.5}\n"}
,{"stream_name":"stdout","time":4469.794804056,"data":"  {\"round\": 12, \"clients_done\": 20, \"of\": 20, \"lr\": 0.0008819157493927215, \"ce_mean\": 0.16185180088598447, \"grad_norm\": 1.8668291297602386, \"skipped\": 3, \"elapsed_s\": 316.7}\n"}
,{"stream_name":"stdout","time":4486.398318127,"data":"  {\"round\": 12, \"completed\": true, \"accuracy\": 0.791922, \"precision_macro\": 0.805932, \"precision_micro\": 0.791922, \"precision_weighted\": 0.808484, \"recall_macro\": 0.770759, \"recall_micro\": 0.791922, \"recall_weighted\": 0.791922, \"f1_macro\": 0.783266, \"f1_micro\": 0.791922, \"f1_weighted\": 0.797272, \"train_s\": 316.7, \"aggregate_s\": 0.0, \"eval_s\": 16.5, \"round_s\": 333.3, \"commit_s\": 0.0, \"worst_round_s\": 405.4}\n"}
,{"stream_name":"stdout","time":4625.837335545,"data":"  {\"round\": 13, \"clients_done\": 5, \"of\": 20, \"lr\": 0.0008605829282983752, \"ce_mean\": 0.15104118679597475, \"grad_norm\": 1.6356312384655203, \"skipped\": 4, \"elapsed_s\": 139.4}\n"}
,{"stream_name":"stdout","time":4712.485824556,"data":"  {\"round\": 13, \"clients_done\": 10, \"of\": 20, \"lr\": 0.0008605829282983752, \"ce_mean\": 0.1297030012065804, \"grad_norm\": 1.2470424724951563, \"skipped\": 3, \"elapsed_s\": 226.1}\n"}
,{"stream_name":"stdout","time":4760.71960628,"data":"  {\"round\": 13, \"clients_done\": 15, \"of\": 20, \"lr\": 0.0008605829282983752, \"ce_mean\": 0.18165406176388033, \"grad_norm\": 1.872450755657802, \"skipped\": 4, \"elapsed_s\": 274.3}\n"}
,{"stream_name":"stdout","time":4806.601074991,"data":"  {\"round\": 13, \"clients_done\": 20, \"of\": 20, \"lr\": 0.0008605829282983752, \"ce_mean\": 0.15478062447057306, \"grad_norm\": 1.7748622051322187, \"skipped\": 3, \"elapsed_s\": 320.2}\n"}
,{"stream_name":"stdout","time":4823.513346246,"data":"  {\"round\": 13, \"completed\": true, \"accuracy\": 0.780561, \"precision_macro\": 0.803167, \"precision_micro\": 0.780561, \"precision_weighted\": 0.806078, \"recall_macro\": 0.776833, \"recall_micro\": 0.780561, \"recall_weighted\": 0.780561, \"f1_macro\": 0.784283, \"f1_micro\": 0.780561, \"f1_weighted\": 0.788174, \"train_s\": 320.2, \"aggregate_s\": 0.0, \"eval_s\": 16.9, \"round_s\": 337.1, \"commit_s\": 0.0, \"worst_round_s\": 405.4}\n"}
,{"stream_name":"stdout","time":4962.899230604,"data":"  {\"round\": 14, \"clients_done\": 5, \"of\": 20, \"lr\": 0.0008377889406793518, \"ce_mean\": 0.14573164104706915, \"grad_norm\": 1.6157971338690797, \"skipped\": 5, \"elapsed_s\": 139.4}\n"}
,{"stream_name":"stdout","time":5049.116137317,"data":"  {\"round\": 14, \"clients_done\": 10, \"of\": 20, \"lr\": 0.0008377889406793518, \"ce_mean\": 0.125072502469779, \"grad_norm\": 1.2380087366404953, \"skipped\": 2, \"elapsed_s\": 225.6}\n"}
,{"stream_name":"stdout","time":5096.374288711,"data":"  {\"round\": 14, \"clients_done\": 15, \"of\": 20, \"lr\": 0.0008377889406793518, \"ce_mean\": 0.17578578465421435, \"grad_norm\": 1.7653911751760563, \"skipped\": 3, \"elapsed_s\": 272.8}\n"}
,{"stream_name":"stdout","time":5142.324486566,"data":"  {\"round\": 14, \"clients_done\": 20, \"of\": 20, \"lr\": 0.0008377889406793518, \"ce_mean\": 0.1514973502757624, \"grad_norm\": 1.8213798419545522, \"skipped\": 3, \"elapsed_s\": 318.8}\n"}
,{"stream_name":"stdout","time":5159.266599628,"data":"  {\"round\": 14, \"completed\": true, \"accuracy\": 0.775341, \"precision_macro\": 0.804887, \"precision_micro\": 0.775341, \"precision_weighted\": 0.805105, \"recall_macro\": 0.776063, \"recall_micro\": 0.775341, \"recall_weighted\": 0.775341, \"f1_macro\": 0.783074, \"f1_micro\": 0.775341, \"f1_weighted\": 0.783566, \"train_s\": 318.8, \"aggregate_s\": 0.0, \"eval_s\": 16.9, \"round_s\": 335.7, \"commit_s\": 0.0, \"worst_round_s\": 405.4}\n"}
,{"stream_name":"stdout","time":5296.789243642,"data":"  {\"round\": 15, \"clients_done\": 5, \"of\": 20, \"lr\": 0.0008136274519200731, \"ce_mean\": 0.14073433359192136, \"grad_norm\": 1.5843736636883328, \"skipped\": 4, \"elapsed_s\": 137.5}\n"}
,{"stream_name":"stdout","time":5383.823492643,"data":"  {\"round\": 15, \"clients_done\": 10, \"of\": 20, \"lr\": 0.0008136274519200731, \"ce_mean\": 0.1199474698976569, \"grad_norm\": 1.2441613022851508, \"skipped\": 3, \"elapsed_s\": 224.5}\n"}
,{"stream_name":"stdout","time":5430.93625251,"data":"  {\"round\": 15, \"clients_done\": 15, \"of\": 20, \"lr\": 0.0008136274519200731, \"ce_mean\": 0.23653655379149627, \"grad_norm\": 2.1138774527932473, \"skipped\": 3, \"elapsed_s\": 271.7}\n"}
,{"stream_name":"stdout","time":5476.610401555,"data":"  {\"round\": 15, \"clients_done\": 20, \"of\": 20, \"lr\": 0.0008136274519200731, \"ce_mean\": 0.1446970915471236, \"grad_norm\": 1.6731289361741308, \"skipped\": 3, \"elapsed_s\": 317.3}\n"}
,{"stream_name":"stdout","time":5493.781787289,"data":"  {\"round\": 15, \"completed\": true, \"accuracy\": 0.774975, \"precision_macro\": 0.801656, \"precision_micro\": 0.774975, \"precision_weighted\": 0.80352, \"recall_macro\": 0.779353, \"recall_micro\": 0.774975, \"recall_weighted\": 0.774975, \"f1_macro\": 0.783598, \"f1_micro\": 0.774975, \"f1_weighted\": 0.782614, \"train_s\": 317.3, \"aggregate_s\": 0.0, \"eval_s\": 17.1, \"round_s\": 334.5, \"commit_s\": 0.0, \"worst_round_s\": 405.4}\n"}
,{"stream_name":"stdout","time":5635.297749741,"data":"  {\"round\": 16, \"clients_done\": 5, \"of\": 20, \"lr\": 0.000788197746760474, \"ce_mean\": 0.13616376203952255, \"grad_norm\": 1.571004693408968, \"skipped\": 5, \"elapsed_s\": 141.5}\n"}
,{"stream_name":"stdout","time":5726.198248419,"data":"  {\"round\": 16, \"clients_done\": 10, \"of\": 20, \"lr\": 0.000788197746760474, \"ce_mean\": 0.11667232376208408, \"grad_norm\": 1.2426430850511898, \"skipped\": 2, \"elapsed_s\": 232.4}\n"}
,{"stream_name":"stdout","time":5774.197597194,"data":"  {\"round\": 16, \"clients_done\": 15, \"of\": 20, \"lr\": 0.000788197746760474, \"ce_mean\": 0.23096909806822138, \"grad_norm\": 2.0764466925361122, \"skipped\": 3, \"elapsed_s\": 280.4}\n"}
,{"stream_name":"stdout","time":5819.933714427,"data":"  {\"round\": 16, \"clients_done\": 20, \"of\": 20, \"lr\": 0.000788197746760474, \"ce_mean\": 0.1398956712442914, \"grad_norm\": 1.627743524878462, \"skipped\": 3, \"elapsed_s\": 326.1}\n"}
,{"stream_name":"stdout","time":5836.371760552,"data":"  {\"round\": 16, \"completed\": true, \"accuracy\": 0.773482, \"precision_macro\": 0.796885, \"precision_micro\": 0.773482, \"precision_weighted\": 0.803036, \"recall_macro\": 0.784361, \"recall_micro\": 0.773482, \"recall_weighted\": 0.773482, \"f1_macro\": 0.784998, \"f1_micro\": 0.773482, \"f1_weighted\": 0.7811, \"train_s\": 326.1, \"aggregate_s\": 0.0, \"eval_s\": 16.4, \"round_s\": 342.6, \"commit_s\": 0.0, \"worst_round_s\": 405.4}\n"}
,{"stream_name":"stdout","time":5976.960690514,"data":"  {\"round\": 17, \"clients_done\": 5, \"of\": 20, \"lr\": 0.00076160432131371, \"ce_mean\": 0.13220087366650163, \"grad_norm\": 1.5561963013706337, \"skipped\": 4, \"elapsed_s\": 140.6}\n"}
,{"stream_name":"stdout","time":6059.623376807,"data":"  {\"round\": 17, \"clients_done\": 10, \"of\": 20, \"lr\": 0.00076160432131371, \"ce_mean\": 0.11292173536561376, \"grad_norm\": 1.2306188552763557, \"skipped\": 2, \"elapsed_s\": 223.2}\n"}
,{"stream_name":"stdout","time":6112.666217182,"data":"  {\"round\": 17, \"clients_done\": 15, \"of\": 20, \"lr\": 0.00076160432131371, \"ce_mean\": 0.160012978567204, \"grad_norm\": 1.6867172026298416, \"skipped\": 3, \"elapsed_s\": 276.3}\n"}
,{"stream_name":"stdout","time":6154.177766076,"data":"  {\"round\": 17, \"clients_done\": 20, \"of\": 20, \"lr\": 0.00076160432131371, \"ce_mean\": 0.1365829135083281, \"grad_norm\": 1.5771698735360193, \"skipped\": 3, \"elapsed_s\": 317.8}\n"}
,{"stream_name":"stdout","time":6170.860925906,"data":"  {\"round\": 17, \"completed\": true, \"accuracy\": 0.773586, \"precision_macro\": 0.799161, \"precision_micro\": 0.773586, \"precision_weighted\": 0.802082, \"recall_macro\": 0.780475, \"recall_micro\": 0.773586, \"recall_weighted\": 0.773586, \"f1_macro\": 0.782727, \"f1_micro\": 0.773586, \"f1_weighted\": 0.780518, \"train_s\": 317.8, \"aggregate_s\": 0.0, \"eval_s\": 16.6, \"round_s\": 334.5, \"commit_s\": 0.0, \"worst_round_s\": 405.4}\n"}
,{"stream_name":"stdout","time":6308.289649284,"data":"  {\"round\": 18, \"clients_done\": 5, \"of\": 20, \"lr\": 0.0007339564536692134, \"ce_mean\": 0.12793430305016654, \"grad_norm\": 1.5513097964305005, \"skipped\": 4, \"elapsed_s\": 137.4}\n"}
,{"stream_name":"stdout","time":6395.477486502,"data":"  {\"round\": 18, \"clients_done\": 10, \"of\": 20, \"lr\": 0.0007339564536692134, \"ce_mean\": 0.10988987224433194, \"grad_norm\": 1.2425990397585778, \"skipped\": 2, \"elapsed_s\": 224.6}\n"}
,{"stream_name":"stdout","time":6442.714659625,"data":"  {\"round\": 18, \"clients_done\": 15, \"of\": 20, \"lr\": 0.0007339564536692134, \"ce_mean\": 0.15577897622551717, \"grad_norm\": 1.6968705298195423, \"skipped\": 3, \"elapsed_s\": 271.8}\n"}
,{"stream_name":"stdout","time":6487.447740507,"data":"  {\"round\": 18, \"clients_done\": 20, \"of\": 20, \"lr\": 0.0007339564536692134, \"ce_mean\": 0.1330158096520284, \"grad_norm\": 1.5820768555262965, \"skipped\": 3, \"elapsed_s\": 316.6}\n"}
,{"stream_name":"stdout","time":6503.869482517,"data":"  {\"round\": 18, \"completed\": true, \"accuracy\": 0.77773, \"precision_macro\": 0.79809, \"precision_micro\": 0.77773, \"precision_weighted\": 0.803502, \"recall_macro\": 0.782229, \"recall_micro\": 0.77773, \"recall_weighted\": 0.77773, \"f1_macro\": 0.784261, \"f1_micro\": 0.77773, \"f1_weighted\": 0.784422, \"train_s\": 316.6, \"aggregate_s\": 0.0, \"eval_s\": 16.4, \"round_s\": 333.0, \"commit_s\": 0.0, \"worst_round_s\": 405.4}\n"}
,{"stream_name":"stdout","time":6647.304085329,"data":"  {\"round\": 19, \"clients_done\": 5, \"of\": 20, \"lr\": 0.000705367754845585, \"ce_mean\": 0.12419902486198339, \"grad_norm\": 1.5342760599563299, \"skipped\": 5, \"elapsed_s\": 143.4}\n"}
,{"stream_name":"stdout","time":6731.474707706,"data":"  {\"round\": 19, \"clients_done\": 10, \"of\": 20, \"lr\": 0.000705367754845585, \"ce_mean\": 0.1064883529249317, \"grad_norm\": 1.2429896377369258, \"skipped\": 2, \"elapsed_s\": 227.6}\n"}
,{"stream_name":"stdout","time":6783.434797203,"data":"  {\"round\": 19, \"clients_done\": 15, \"of\": 20, \"lr\": 0.000705367754845585, \"ce_mean\": 0.1519591425506162, \"grad_norm\": 1.6442981128961267, \"skipped\": 3, \"elapsed_s\": 279.5}\n"}
,{"stream_name":"stdout","time":6825.702642213,"data":"  {\"round\": 19, \"clients_done\": 20, \"of\": 20, \"lr\": 0.000705367754845585, \"ce_mean\": 0.12885998808501675, \"grad_norm\": 1.5699155736686063, \"skipped\": 3, \"elapsed_s\": 321.8}\n"}
,{"stream_name":"stdout","time":6842.272383302,"data":"  {\"round\": 19, \"completed\": true, \"accuracy\": 0.769495, \"precision_macro\": 0.793795, \"precision_micro\": 0.769495, \"precision_weighted\": 0.800378, \"recall_macro\": 0.771079, \"recall_micro\": 0.769495, \"recall_weighted\": 0.769495, \"f1_macro\": 0.772071, \"f1_micro\": 0.769495, \"f1_weighted\": 0.776122, \"train_s\": 321.8, \"aggregate_s\": 0.0, \"eval_s\": 16.5, \"round_s\": 338.4, \"commit_s\": 0.0, \"worst_round_s\": 405.4}\n"}
,{"stream_name":"stdout","time":6978.785907487,"data":"  {\"round\": 20, \"clients_done\": 5, \"of\": 20, \"lr\": 0.0006759557019385474, \"ce_mean\": 0.12053233425867055, \"grad_norm\": 1.5188692482332553, \"skipped\": 4, \"elapsed_s\": 136.5}\n"}
,{"stream_name":"stdout","time":7065.957393869,"data":"  {\"round\": 20, \"clients_done\": 10, \"of\": 20, \"lr\": 0.0006759557019385474, \"ce_mean\": 0.10378823969069936, \"grad_norm\": 1.2509190063814333, \"skipped\": 2, \"elapsed_s\": 223.7}\n"}
,{"stream_name":"stdout","time":7113.932093075,"data":"  {\"round\": 20, \"clients_done\": 15, \"of\": 20, \"lr\": 0.0006759557019385474, \"ce_mean\": 0.14759907252352003, \"grad_norm\": 1.6665460291043135, \"skipped\": 3, \"elapsed_s\": 271.6}\n"}
,{"stream_name":"stdout","time":7159.867656735,"data":"  {\"round\": 20, \"clients_done\": 20, \"of\": 20, \"lr\": 0.0006759557019385474, \"ce_mean\": 0.12481161955529023, \"grad_norm\": 1.5598138779998527, \"skipped\": 2, \"elapsed_s\": 317.6}\n"}
,{"stream_name":"stdout","time":7176.982062796,"data":"  {\"round\": 20, \"completed\": true, \"accuracy\": 0.775734, \"precision_macro\": 0.796533, \"precision_micro\": 0.775734, \"precision_weighted\": 0.802852, \"recall_macro\": 0.783276, \"recall_micro\": 0.775734, \"recall_weighted\": 0.775734, \"f1_macro\": 0.783588, \"f1_micro\": 0.775734, \"f1_weighted\": 0.782267, \"train_s\": 317.6, \"aggregate_s\": 0.0, \"eval_s\": 17.1, \"round_s\": 334.7, \"commit_s\": 0.0, \"worst_round_s\": 405.4}\n"}
,{"stream_name":"stdout","time":7316.140315173,"data":"  {\"round\": 21, \"clients_done\": 5, \"of\": 20, \"lr\": 0.000645841155382361, \"ce_mean\": 0.11748847707250022, \"grad_norm\": 1.5199269398298216, \"skipped\": 5, \"elapsed_s\": 139.1}\n"}
,{"stream_name":"stdout","time":7403.00957517,"data":"  {\"round\": 21, \"clients_done\": 10, \"of\": 20, \"lr\": 0.000645841155382361, \"ce_mean\": 0.10069284191036594, \"grad_norm\": 1.24054107074917, \"skipped\": 2, \"elapsed_s\": 226.0}\n"}
,{"stream_name":"stdout","time":7451.754045537,"data":"  {\"round\": 21, \"clients_done\": 15, \"of\": 20, \"lr\": 0.000645841155382361, \"ce_mean\": 0.1433014345840669, \"grad_norm\": 1.6278770769146127, \"skipped\": 3, \"elapsed_s\": 274.8}\n"}
,{"stream_name":"stdout","time":7497.648112487,"data":"  {\"round\": 21, \"clients_done\": 20, \"of\": 20, \"lr\": 0.000645841155382361, \"ce_mean\": 0.12179693110774528, \"grad_norm\": 1.5014569311192545, \"skipped\": 3, \"elapsed_s\": 320.7}\n"}
,{"stream_name":"stdout","time":7514.773319585,"data":"  {\"round\": 21, \"completed\": true, \"accuracy\": 0.769844, \"precision_macro\": 0.794296, \"precision_micro\": 0.769844, \"precision_weighted\": 0.800018, \"recall_macro\": 0.782449, \"recall_micro\": 0.769844, \"recall_weighted\": 0.769844, \"f1_macro\": 0.780039, \"f1_micro\": 0.769844, \"f1_weighted\": 0.77526, \"train_s\": 320.7, \"aggregate_s\": 0.0, \"eval_s\": 17.1, \"round_s\": 337.8, \"commit_s\": 0.0, \"worst_round_s\": 405.4}\n"}
,{"stream_name":"stdout","time":7652.122497618,"data":"  {\"round\": 22, \"clients_done\": 5, \"of\": 20, \"lr\": 0.0006151478623083757, \"ce_mean\": 0.1138333802005954, \"grad_norm\": 1.5103897597582387, \"skipped\": 5, \"elapsed_s\": 137.3}\n"}
,{"stream_name":"stdout","time":7739.141733298,"data":"  {\"round\": 22, \"clients_done\": 10, \"of\": 20, \"lr\": 0.0006151478623083757, \"ce_mean\": 0.0976569170970315, \"grad_norm\": 1.2601397397706835, \"skipped\": 2, \"elapsed_s\": 224.4}\n"}
,{"stream_name":"stdout","time":7786.687349723,"data":"  {\"round\": 22, \"clients_done\": 15, \"of\": 20, \"lr\": 0.0006151478623083757, \"ce_mean\": 0.14047300311881053, \"grad_norm\": 1.6168362469740316, \"skipped\": 3, \"elapsed_s\": 271.9}\n"}
,{"stream_name":"stdout","time":7832.43715087,"data":"  {\"round\": 22, \"clients_done\": 20, \"of\": 20, \"lr\": 0.0006151478623083757, \"ce_mean\": 0.11783379109101079, \"grad_norm\": 1.457882505202195, \"skipped\": 3, \"elapsed_s\": 317.6}\n"}
,{"stream_name":"stdout","time":7849.350567692,"data":"  {\"round\": 22, \"completed\": true, \"accuracy\": 0.770582, \"precision_macro\": 0.793839, \"precision_micro\": 0.770582, \"precision_weighted\": 0.801356, \"recall_macro\": 0.787042, \"recall_micro\": 0.770582, \"recall_weighted\": 0.770582, \"f1_macro\": 0.782448, \"f1_micro\": 0.770582, \"f1_weighted\": 0.776048, \"train_s\": 317.6, \"aggregate_s\": 0.0, \"eval_s\": 16.9, \"round_s\": 334.5, \"commit_s\": 0.0, \"worst_round_s\": 405.4}\n"}
,{"stream_name":"stdout","time":7988.895683603,"data":"  {\"round\": 23, \"clients_done\": 5, \"of\": 20, \"lr\": 0.0005840019480415229, \"ce_mean\": 0.11067775002391295, \"grad_norm\": 1.488979121185182, \"skipped\": 4, \"elapsed_s\": 139.5}\n"}
,{"stream_name":"stdout","time":8072.73596686,"data":"  {\"round\": 23, \"clients_done\": 10, \"of\": 20, \"lr\": 0.0005840019480415229, \"ce_mean\": 0.09525722552216641, \"grad_norm\": 1.2547460829413393, \"skipped\": 2, \"elapsed_s\": 223.4}\n"}
,{"stream_name":"stdout","time":8126.638787935,"data":"  {\"round\": 23, \"clients_done\": 15, \"of\": 20, \"lr\": 0.0005840019480415229, \"ce_mean\": 0.1360750117772062, \"grad_norm\": 1.6114685918243838, \"skipped\": 3, \"elapsed_s\": 277.3}\n"}
,{"stream_name":"stdout","time":8171.60704187,"data":"  {\"round\": 23, \"clients_done\": 20, \"of\": 20, \"lr\": 0.0005840019480415229, \"ce_mean\": 0.11560739259826625, \"grad_norm\": 1.498134489402254, \"skipped\": 3, \"elapsed_s\": 322.2}\n"}
,{"stream_name":"stdout","time":8188.124838797,"data":"  {\"round\": 23, \"completed\": true, \"accuracy\": 0.775574, \"precision_macro\": 0.795354, \"precision_micro\": 0.775574, \"precision_weighted\": 0.802085, \"recall_macro\": 0.78563, \"recall_micro\": 0.775574, \"recall_weighted\": 0.775574, \"f1_macro\": 0.783759, \"f1_micro\": 0.775574, \"f1_weighted\": 0.781532, \"train_s\": 322.2, \"aggregate_s\": 0.0, \"eval_s\": 16.5, \"round_s\": 338.7, \"commit_s\": 0.0, \"worst_round_s\": 405.4}\n"}
,{"stream_name":"stdout","time":8329.229533321,"data":"  {\"round\": 24, \"clients_done\": 5, \"of\": 20, \"lr\": 0.0005525313978243026, \"ce_mean\": 0.10789038274989307, \"grad_norm\": 1.5098231319219342, \"skipped\": 5, \"elapsed_s\": 141.1}\n"}
,{"stream_name":"stdout","time":8411.853569483,"data":"  {\"round\": 24, \"clients_done\": 10, \"of\": 20, \"lr\": 0.0005525313978243026, \"ce_mean\": 0.09251349765289932, \"grad_norm\": 1.256623682424253, \"skipped\": 2, \"elapsed_s\": 223.7}\n"}
,{"stream_name":"stdout","time":8464.923732904,"data":"  {\"round\": 24, \"clients_done\": 15, \"of\": 20, \"lr\": 0.0005525313978243026, \"ce_mean\": 0.1326937071034606, \"grad_norm\": 1.607025576309419, \"skipped\": 3, \"elapsed_s\": 276.8}\n"}
,{"stream_name":"stdout","time":8508.10278814,"data":"  {\"round\": 24, \"clients_done\": 20, \"of\": 20, \"lr\": 0.0005525313978243026, \"ce_mean\": 0.11218798518813071, \"grad_norm\": 1.4690154327950058, \"skipped\": 3, \"elapsed_s\": 320.0}\n"}
,{"stream_name":"stdout","time":8524.713555674,"data":"  {\"round\": 24, \"completed\": true, \"accuracy\": 0.771897, \"precision_macro\": 0.792199, \"precision_micro\": 0.771897, \"precision_weighted\": 0.801517, \"recall_macro\": 0.787713, \"recall_micro\": 0.771897, \"recall_weighted\": 0.771897, \"f1_macro\": 0.782985, \"f1_micro\": 0.771897, \"f1_weighted\": 0.777599, \"train_s\": 320.0, \"aggregate_s\": 0.0, \"eval_s\": 16.6, \"round_s\": 336.6, \"commit_s\": 0.0, \"worst_round_s\": 405.4}\n"}
,{"stream_name":"stdout","time":8670.204959074,"data":"  {\"round\": 25, \"clients_done\": 5, \"of\": 20, \"lr\": 0.0005208655308979695, \"ce_mean\": 0.10511286910334894, \"grad_norm\": 1.4990387347519805, \"skipped\": 4, \"elapsed_s\": 145.5}\n"}
,{"stream_name":"stdout","time":8754.064159909,"data":"  {\"round\": 25, \"clients_done\": 10, \"of\": 20, \"lr\": 0.0005208655308979695, \"ce_mean\": 0.09058640071173107, \"grad_norm\": 1.2658558287780237, \"skipped\": 3, \"elapsed_s\": 229.3}\n"}
,{"stream_name":"stdout","time":8807.094962432,"data":"  {\"round\": 25, \"clients_done\": 15, \"of\": 20, \"lr\": 0.0005208655308979695, \"ce_mean\": 0.12902713829362897, \"grad_norm\": 1.6204270053917254, \"skipped\": 3, \"elapsed_s\": 282.4}\n"}
,{"stream_name":"stdout","time":8850.671711729,"data":"  {\"round\": 25, \"clients_done\": 20, \"of\": 20, \"lr\": 0.0005208655308979695, \"ce_mean\": 0.10917698641559553, \"grad_norm\": 1.4202917545208456, \"skipped\": 3, \"elapsed_s\": 325.9}\n"}
,{"stream_name":"stdout","time":8867.312739115,"data":"  {\"round\": 25, \"completed\": true, \"accuracy\": 0.771744, \"precision_macro\": 0.78897, \"precision_micro\": 0.771744, \"precision_weighted\": 0.799655, \"recall_macro\": 0.791412, \"recall_micro\": 0.771744, \"recall_weighted\": 0.771744, \"f1_macro\": 0.783537, \"f1_micro\": 0.771744, \"f1_weighted\": 0.776233, \"train_s\": 325.9, \"aggregate_s\": 0.0, \"eval_s\": 16.6, \"round_s\": 342.5, \"commit_s\": 0.1, \"worst_round_s\": 405.4}\n"}
,{"stream_name":"stdout","time":9008.977294186,"data":"  {\"round\": 26, \"clients_done\": 5, \"of\": 20, \"lr\": 0.0004891344691020307, \"ce_mean\": 0.10203247290100603, \"grad_norm\": 1.4893395736743789, \"skipped\": 4, \"elapsed_s\": 141.6}\n"}
,{"stream_name":"stdout","time":9097.480833879,"data":"  {\"round\": 26, \"clients_done\": 10, \"of\": 20, \"lr\": 0.0004891344691020307, \"ce_mean\": 0.08764951586657357, \"grad_norm\": 1.2792040556256918, \"skipped\": 2, \"elapsed_s\": 230.1}\n"}
,{"stream_name":"stdout","time":9147.674348101,"data":"  {\"round\": 26, \"clients_done\": 15, \"of\": 20, \"lr\": 0.0004891344691020307, \"ce_mean\": 0.12499658289090008, \"grad_norm\": 1.5982019558758802, \"skipped\": 3, \"elapsed_s\": 280.3}\n"}
,{"stream_name":"stdout","time":9194.616517187,"data":"  {\"round\": 26, \"clients_done\": 20, \"of\": 20, \"lr\": 0.0004891344691020307, \"ce_mean\": 0.10648400346602, \"grad_norm\": 1.4368501572167796, \"skipped\": 3, \"elapsed_s\": 327.3}\n"}
,{"stream_name":"stdout","time":9211.068769055,"data":"  {\"round\": 26, \"completed\": true, \"accuracy\": 0.7646, \"precision_macro\": 0.788379, \"precision_micro\": 0.7646, \"precision_weighted\": 0.799791, \"recall_macro\": 0.791615, \"recall_micro\": 0.7646, \"recall_weighted\": 0.7646, \"f1_macro\": 0.781219, \"f1_micro\": 0.7646, \"f1_weighted\": 0.769036, \"train_s\": 327.3, \"aggregate_s\": 0.0, \"eval_s\": 16.4, \"round_s\": 343.7, \"commit_s\": 0.0, \"worst_round_s\": 405.4}\n"}
,{"stream_name":"stdout","time":9353.9317081,"data":"  {\"round\": 27, \"clients_done\": 5, \"of\": 20, \"lr\": 0.00045746860217569754, \"ce_mean\": 0.09863076847064053, \"grad_norm\": 1.5005800647618834, \"skipped\": 4, \"elapsed_s\": 142.8}\n"}
,{"stream_name":"stdout","time":9441.927348054,"data":"  {\"round\": 27, \"clients_done\": 10, \"of\": 20, \"lr\": 0.00045746860217569754, \"ce_mean\": 0.08551022011983636, \"grad_norm\": 1.279890569860573, \"skipped\": 3, \"elapsed_s\": 230.8}\n"}
,{"stream_name":"stdout","time":9492.61540884,"data":"  {\"round\": 27, \"clients_done\": 15, \"of\": 20, \"lr\": 0.00045746860217569754, \"ce_mean\": 0.12250713294660541, \"grad_norm\": 1.6144166758362677, \"skipped\": 3, \"elapsed_s\": 281.5}\n"}
,{"stream_name":"stdout","time":9538.545059699,"data":"  {\"round\": 27, \"clients_done\": 20, \"of\": 20, \"lr\": 0.00045746860217569754, \"ce_mean\": 0.10394405798836182, \"grad_norm\": 1.4296073666304507, \"skipped\": 3, \"elapsed_s\": 327.5}\n"}
,{"stream_name":"stdout","time":9554.901377483,"data":"  {\"round\": 27, \"completed\": true, \"accuracy\": 0.763103, \"precision_macro\": 0.789965, \"precision_micro\": 0.763103, \"precision_weighted\": 0.799178, \"recall_macro\": 0.791344, \"recall_micro\": 0.763103, \"recall_weighted\": 0.763103, \"f1_macro\": 0.780985, \"f1_micro\": 0.763103, \"f1_weighted\": 0.767039, \"train_s\": 327.5, \"aggregate_s\": 0.0, \"eval_s\": 16.3, \"round_s\": 343.8, \"commit_s\": 0.0, \"worst_round_s\": 405.4}\n"}
,{"stream_name":"stdout","time":9697.627562223,"data":"  {\"round\": 28, \"clients_done\": 5, \"of\": 20, \"lr\": 0.0004259980519584773, \"ce_mean\": 0.0964279312172252, \"grad_norm\": 1.5063209300166547, \"skipped\": 4, \"elapsed_s\": 142.7}\n"}
,{"stream_name":"stdout","time":9785.572148306,"data":"  {\"round\": 28, \"clients_done\": 10, \"of\": 20, \"lr\": 0.0004259980519584773, \"ce_mean\": 0.08307118671799339, \"grad_norm\": 1.290473165337922, \"skipped\": 2, \"elapsed_s\": 230.7}\n"}
,{"stream_name":"stdout","time":9835.530918341,"data":"  {\"round\": 28, \"clients_done\": 15, \"of\": 20, \"lr\": 0.0004259980519584773, \"ce_mean\": 0.11920864481321523, \"grad_norm\": 1.6150615853323063, \"skipped\": 3, \"elapsed_s\": 280.6}\n"}
,{"stream_name":"stdout","time":9882.087805816,"data":"  {\"round\": 28, \"clients_done\": 20, \"of\": 20, \"lr\": 0.0004259980519584773, \"ce_mean\": 0.10205602028063807, \"grad_norm\": 1.4253181304751914, \"skipped\": 2, \"elapsed_s\": 327.2}\n"}
,{"stream_name":"stdout","time":9898.451477792,"data":"  {\"round\": 28, \"completed\": true, \"accuracy\": 0.761148, \"precision_macro\": 0.789254, \"precision_micro\": 0.761148, \"precision_weighted\": 0.799282, \"recall_macro\": 0.786256, \"recall_micro\": 0.761148, \"recall_weighted\": 0.761148, \"f1_macro\": 0.776454, \"f1_micro\": 0.761148, \"f1_weighted\": 0.765385, \"train_s\": 327.2, \"aggregate_s\": 0.0, \"eval_s\": 16.3, \"round_s\": 343.5, \"commit_s\": 0.0, \"worst_round_s\": 405.4}\n"}
,{"stream_name":"stdout","time":10043.651692615,"data":"  {\"round\": 29, \"clients_done\": 5, \"of\": 20, \"lr\": 0.00039485213769162444, \"ce_mean\": 0.09407917664211604, \"grad_norm\": 1.5157440372366762, \"skipped\": 4, \"elapsed_s\": 145.2}\n"}
,{"stream_name":"stdout","time":10130.402357581,"data":"  {\"round\": 29, \"clients_done\": 10, \"of\": 20, \"lr\": 0.00039485213769162444, \"ce_mean\": 0.08100189394758232, \"grad_norm\": 1.3166166135601134, \"skipped\": 2, \"elapsed_s\": 231.9}\n"}
,{"stream_name":"stdout","time":10182.504766512,"data":"  {\"round\": 29, \"clients_done\": 15, \"of\": 20, \"lr\": 0.00039485213769162444, \"ce_mean\": 0.11620700460084728, \"grad_norm\": 1.6199007276078345, \"skipped\": 3, \"elapsed_s\": 284.0}\n"}
,{"stream_name":"stdout","time":10226.962386966,"data":"  {\"round\": 29, \"clients_done\": 20, \"of\": 20, \"lr\": 0.00039485213769162444, \"ce_mean\": 0.099755268074458, \"grad_norm\": 1.4194369007195966, \"skipped\": 2, \"elapsed_s\": 328.5}\n"}
,{"stream_name":"stdout","time":10243.395702438,"data":"  {\"round\": 29, \"completed\": true, \"accuracy\": 0.758899, \"precision_macro\": 0.786438, \"precision_micro\": 0.758899, \"precision_weighted\": 0.797885, \"recall_macro\": 0.794819, \"recall_micro\": 0.758899, \"recall_weighted\": 0.758899, \"f1_macro\": 0.779747, \"f1_micro\": 0.758899, \"f1_weighted\": 0.761229, \"train_s\": 328.5, \"aggregate_s\": 0.0, \"eval_s\": 16.4, \"round_s\": 344.9, \"commit_s\": 0.0, \"worst_round_s\": 405.4}\n"}
,{"stream_name":"stdout","time":10387.457548959,"data":"  {\"round\": 30, \"clients_done\": 5, \"of\": 20, \"lr\": 0.00036415884461763896, \"ce_mean\": 0.09159774697852899, \"grad_norm\": 1.5464514243675729, \"skipped\": 4, \"elapsed_s\": 144.0}\n"}
,{"stream_name":"stdout","time":10473.763322134,"data":"  {\"round\": 30, \"clients_done\": 10, \"of\": 20, \"lr\": 0.00036415884461763896, \"ce_mean\": 0.07907426218730544, \"grad_norm\": 1.3122789628873823, \"skipped\": 2, \"elapsed_s\": 230.4}\n"}
,{"stream_name":"stdout","time":10525.373023539,"data":"  {\"round\": 30, \"clients_done\": 15, \"of\": 20, \"lr\": 0.00036415884461763896, \"ce_mean\": 0.11351681561537191, \"grad_norm\": 1.6335729464678697, \"skipped\": 3, \"elapsed_s\": 282.0}\n"}
,{"stream_name":"stdout","time":10569.721559893,"data":"  {\"round\": 30, \"clients_done\": 20, \"of\": 20, \"lr\": 0.00036415884461763896, \"ce_mean\": 0.09731562023803496, \"grad_norm\": 1.4328895258636565, \"skipped\": 3, \"elapsed_s\": 326.3}\n"}
,{"stream_name":"stdout","time":10586.244460552,"data":"  {\"round\": 30, \"completed\": true, \"accuracy\": 0.759403, \"precision_macro\": 0.784348, \"precision_micro\": 0.759403, \"precision_weighted\": 0.796389, \"recall_macro\": 0.792133, \"recall_micro\": 0.759403, \"recall_weighted\": 0.759403, \"f1_macro\": 0.777421, \"f1_micro\": 0.759403, \"f1_weighted\": 0.761503, \"train_s\": 326.3, \"aggregate_s\": 0.0, \"eval_s\": 16.5, \"round_s\": 342.8, \"commit_s\": 0.0, \"worst_round_s\": 405.4}\n"}
,{"stream_name":"stdout","time":10729.344416059,"data":"  {\"round\": 31, \"clients_done\": 5, \"of\": 20, \"lr\": 0.00033404429806145283, \"ce_mean\": 0.0890219183246309, \"grad_norm\": 1.5460195847024667, \"skipped\": 4, \"elapsed_s\": 143.1}\n"}
,{"stream_name":"stdout","time":10817.384261653,"data":"  {\"round\": 31, \"clients_done\": 10, \"of\": 20, \"lr\": 0.00033404429806145283, \"ce_mean\": 0.07696391339452477, \"grad_norm\": 1.3372684514647897, \"skipped\": 2, \"elapsed_s\": 231.1}\n"}
,{"stream_name":"stdout","time":10866.900399776,"data":"  {\"round\": 31, \"clients_done\": 15, \"of\": 20, \"lr\": 0.00033404429806145283, \"ce_mean\": 0.11071310983577244, \"grad_norm\": 1.645392275528169, \"skipped\": 3, \"elapsed_s\": 280.6}\n"}
,{"stream_name":"stdout","time":10915.419705356,"data":"  {\"round\": 31, \"clients_done\": 20, \"of\": 20, \"lr\": 0.00033404429806145283, \"ce_mean\": 0.09525114852491902, \"grad_norm\": 1.4332899401409747, \"skipped\": 2, \"elapsed_s\": 329.1}\n"}
,{"stream_name":"stdout","time":10931.750313688,"data":"  {\"round\": 31, \"completed\": true, \"accuracy\": 0.755322, \"precision_macro\": 0.785355, \"precision_micro\": 0.755322, \"precision_weighted\": 0.797302, \"recall_macro\": 0.794089, \"recall_micro\": 0.755322, \"recall_weighted\": 0.755322, \"f1_macro\": 0.777397, \"f1_micro\": 0.755322, \"f1_weighted\": 0.756811, \"train_s\": 329.2, \"aggregate_s\": 0.0, \"eval_s\": 16.3, \"round_s\": 345.5, \"commit_s\": 0.0, \"worst_round_s\": 405.4}\n"}
,{"stream_name":"stdout","time":11078.259737323,"data":"  {\"round\": 32, \"clients_done\": 5, \"of\": 20, \"lr\": 0.00030463224515441515, \"ce_mean\": 0.08675330398663969, \"grad_norm\": 1.5704637142149802, \"skipped\": 4, \"elapsed_s\": 146.5}\n"}
,{"stream_name":"stdout","time":11163.795275005,"data":"  {\"round\": 32, \"clients_done\": 10, \"of\": 20, \"lr\": 0.00030463224515441515, \"ce_mean\": 0.07518719756016101, \"grad_norm\": 1.373162392561912, \"skipped\": 2, \"elapsed_s\": 232.0}\n"}
,{"stream_name":"stdout","time":11217.900440604,"data":"  {\"round\": 32, \"clients_done\": 15, \"of\": 20, \"lr\": 0.00030463224515441515, \"ce_mean\": 0.1081482255962533, \"grad_norm\": 1.659104726012324, \"skipped\": 3, \"elapsed_s\": 286.1}\n"}
,{"stream_name":"stdout","time":11262.296884017,"data":"  {\"round\": 32, \"clients_done\": 20, \"of\": 20, \"lr\": 0.00030463224515441515, \"ce_mean\": 0.09323039240213671, \"grad_norm\": 1.4250052623950973, \"skipped\": 2, \"elapsed_s\": 330.5}\n"}
,{"stream_name":"stdout","time":11278.760857882,"data":"  {\"round\": 32, \"completed\": true, \"accuracy\": 0.751183, \"precision_macro\": 0.78238, \"precision_micro\": 0.751183, \"precision_weighted\": 0.79532, \"recall_macro\": 0.795152, \"recall_micro\": 0.751183, \"recall_weighted\": 0.751183, \"f1_macro\": 0.775501, \"f1_micro\": 0.751183, \"f1_weighted\": 0.751212, \"train_s\": 330.5, \"aggregate_s\": 0.1, \"eval_s\": 16.4, \"round_s\": 347.0, \"commit_s\": 0.0, \"worst_round_s\": 405.4}\n"}
,{"stream_name":"stdout","time":11422.747467963,"data":"  {\"round\": 33, \"clients_done\": 5, \"of\": 20, \"lr\": 0.00027604354633078667, \"ce_mean\": 0.08470031826196492, \"grad_norm\": 1.5774433052192114, \"skipped\": 4, \"elapsed_s\": 144.0}\n"}
,{"stream_name":"stdout","time":11510.019057751,"data":"  {\"round\": 33, \"clients_done\": 10, \"of\": 20, \"lr\": 0.00027604354633078667, \"ce_mean\": 0.07308231220762573, \"grad_norm\": 1.3882577681844908, \"skipped\": 2, \"elapsed_s\": 231.2}\n"}
,{"stream_name":"stdout","time":11559.065815711,"data":"  {\"round\": 33, \"clients_done\": 15, \"of\": 20, \"lr\": 0.00027604354633078667, \"ce_mean\": 0.10613653693400638, \"grad_norm\": 1.6932374766175176, \"skipped\": 3, \"elapsed_s\": 280.3}\n"}
,{"stream_name":"stdout","time":11605.336839849,"data":"  {\"round\": 33, \"clients_done\": 20, \"of\": 20, \"lr\": 0.00027604354633078667, \"ce_mean\": 0.09158197589420458, \"grad_norm\": 1.447454409829579, \"skipped\": 2, \"elapsed_s\": 326.5}\n"}
,{"stream_name":"stdout","time":11622.26630451,"data":"  {\"round\": 33, \"completed\": true, \"accuracy\": 0.753348, \"precision_macro\": 0.781679, \"precision_micro\": 0.753348, \"precision_weighted\": 0.795788, \"recall_macro\": 0.795106, \"recall_micro\": 0.753348, \"recall_weighted\": 0.753348, \"f1_macro\": 0.775754, \"f1_micro\": 0.753348, \"f1_weighted\": 0.753841, \"train_s\": 326.5, \"aggregate_s\": 0.0, \"eval_s\": 16.9, \"round_s\": 343.5, \"commit_s\": 0.0, \"worst_round_s\": 405.4}\n"}
,{"stream_name":"stdout","time":11766.717077452,"data":"  {\"round\": 34, \"clients_done\": 5, \"of\": 20, \"lr\": 0.0002483956786862901, \"ce_mean\": 0.08281511328054668, \"grad_norm\": 1.5971141646223443, \"skipped\": 4, \"elapsed_s\": 144.4}\n"}
,{"stream_name":"stdout","time":11859.910978349,"data":"  {\"round\": 34, \"clients_done\": 10, \"of\": 20, \"lr\": 0.0002483956786862901, \"ce_mean\": 0.07112852011059421, \"grad_norm\": 1.404279310926259, \"skipped\": 2, \"elapsed_s\": 237.6}\n"}
,{"stream_name":"stdout","time":11909.840115593,"data":"  {\"round\": 34, \"clients_done\": 15, \"of\": 20, \"lr\": 0.0002483956786862901, \"ce_mean\": 0.10416733647736026, \"grad_norm\": 1.7057763328014965, \"skipped\": 3, \"elapsed_s\": 287.6}\n"}
,{"stream_name":"stdout","time":11956.453711669,"data":"  {\"round\": 34, \"clients_done\": 20, \"of\": 20, \"lr\": 0.0002483956786862901, \"ce_mean\": 0.09047756071433503, \"grad_norm\": 1.4490617921792133, \"skipped\": 3, \"elapsed_s\": 334.2}\n"}
,{"stream_name":"stdout","time":11973.498406136,"data":"  {\"round\": 34, \"completed\": true, \"accuracy\": 0.753016, \"precision_macro\": 0.778209, \"precision_micro\": 0.753016, \"precision_weighted\": 0.794464, \"recall_macro\": 0.79699, \"recall_micro\": 0.753016, \"recall_weighted\": 0.753016, \"f1_macro\": 0.775167, \"f1_micro\": 0.753016, \"f1_weighted\": 0.752711, \"train_s\": 334.2, \"aggregate_s\": 0.0, \"eval_s\": 17.0, \"round_s\": 351.2, \"commit_s\": 0.0, \"worst_round_s\": 405.4}\n"}
,{"stream_name":"stdout","time":12115.210077853,"data":"  {\"round\": 35, \"clients_done\": 5, \"of\": 20, \"lr\": 0.00022180225323952595, \"ce_mean\": 0.0809486371299157, \"grad_norm\": 1.6305509127948856, \"skipped\": 5, \"elapsed_s\": 141.7}\n"}
,{"stream_name":"stdout","time":12202.448536551,"data":"  {\"round\": 35, \"clients_done\": 10, \"of\": 20, \"lr\": 0.00022180225323952595, \"ce_mean\": 0.06950042336173129, \"grad_norm\": 1.4422917495330658, \"skipped\": 2, \"elapsed_s\": 228.9}\n"}
,{"stream_name":"stdout","time":12254.639951437,"data":"  {\"round\": 35, \"clients_done\": 15, \"of\": 20, \"lr\": 0.00022180225323952595, \"ce_mean\": 0.10197002786985586, \"grad_norm\": 1.746141718474912, \"skipped\": 3, \"elapsed_s\": 281.1}\n"}
,{"stream_name":"stdout","time":12300.967366238,"data":"  {\"round\": 35, \"clients_done\": 20, \"of\": 20, \"lr\": 0.00022180225323952595, \"ce_mean\": 0.08901640353093235, \"grad_norm\": 1.471842975425383, \"skipped\": 3, \"elapsed_s\": 327.4}\n"}
,{"stream_name":"stdout","time":12317.353061533,"data":"  {\"round\": 35, \"completed\": true, \"accuracy\": 0.749202, \"precision_macro\": 0.775541, \"precision_micro\": 0.749202, \"precision_weighted\": 0.793506, \"recall_macro\": 0.795345, \"recall_micro\": 0.749202, \"recall_weighted\": 0.749202, \"f1_macro\": 0.771638, \"f1_micro\": 0.749202, \"f1_weighted\": 0.747833, \"train_s\": 327.4, \"aggregate_s\": 0.0, \"eval_s\": 16.4, \"round_s\": 343.8, \"commit_s\": 0.0, \"worst_round_s\": 405.4}\n"}
,{"stream_name":"stdout","time":12458.709402,"data":"  {\"round\": 36, \"clients_done\": 5, \"of\": 20, \"lr\": 0.00019637254807992693, \"ce_mean\": 0.07933190043212099, \"grad_norm\": 1.6701611802867302, \"skipped\": 4, \"elapsed_s\": 141.3}\n"}
,{"stream_name":"stdout","time":12548.977943652,"data":"  {\"round\": 36, \"clients_done\": 10, \"of\": 20, \"lr\": 0.00019637254807992693, \"ce_mean\": 0.06872214489901468, \"grad_norm\": 1.4701060816010654, \"skipped\": 2, \"elapsed_s\": 231.6}\n"}
,{"stream_name":"stdout","time":12597.355811558,"data":"  {\"round\": 36, \"clients_done\": 15, \"of\": 20, \"lr\": 0.00019637254807992693, \"ce_mean\": 0.1001951513156085, \"grad_norm\": 1.7640714403609155, \"skipped\": 3, \"elapsed_s\": 280.0}\n"}
,{"stream_name":"stdout","time":12643.295069217,"data":"  {\"round\": 36, \"clients_done\": 20, \"of\": 20, \"lr\": 0.00019637254807992693, \"ce_mean\": 0.08779145185742418, \"grad_norm\": 1.4582462018735276, \"skipped\": 2, \"elapsed_s\": 325.9}\n"}
,{"stream_name":"stdout","time":12659.664880914,"data":"  {\"round\": 36, \"completed\": true, \"accuracy\": 0.751388, \"precision_macro\": 0.775592, \"precision_micro\": 0.751388, \"precision_weighted\": 0.793316, \"recall_macro\": 0.796396, \"recall_micro\": 0.751388, \"recall_weighted\": 0.751388, \"f1_macro\": 0.77266, \"f1_micro\": 0.751388, \"f1_weighted\": 0.750116, \"train_s\": 325.9, \"aggregate_s\": 0.0, \"eval_s\": 16.3, \"round_s\": 342.3, \"commit_s\": 0.0, \"worst_round_s\": 405.4}\n"}
,{"stream_name":"stdout","time":12801.711902655,"data":"  {\"round\": 37, \"clients_done\": 5, \"of\": 20, \"lr\": 0.00017221105932064813, \"ce_mean\": 0.07784808347411494, \"grad_norm\": 1.6925996114849657, \"skipped\": 4, \"elapsed_s\": 142.0}\n"}
,{"stream_name":"stdout","time":12889.999925517,"data":"  {\"round\": 37, \"clients_done\": 10, \"of\": 20, \"lr\": 0.00017221105932064813, \"ce_mean\": 0.06700890461383897, \"grad_norm\": 1.4963832870002076, \"skipped\": 2, \"elapsed_s\": 230.3}\n"}
,{"stream_name":"stdout","time":12939.906717343,"data":"  {\"round\": 37, \"clients_done\": 15, \"of\": 20, \"lr\": 0.00017221105932064813, \"ce_mean\": 0.09889167463275748, \"grad_norm\": 1.7969324246258802, \"skipped\": 3, \"elapsed_s\": 280.2}\n"}
,{"stream_name":"stdout","time":12986.491874289,"data":"  {\"round\": 37, \"clients_done\": 20, \"of\": 20, \"lr\": 0.00017221105932064813, \"ce_mean\": 0.08735170291322923, \"grad_norm\": 1.4965939721291248, \"skipped\": 3, \"elapsed_s\": 326.8}\n"}
,{"stream_name":"stdout","time":13002.786275502,"data":"  {\"round\": 37, \"completed\": true, \"accuracy\": 0.748321, \"precision_macro\": 0.774298, \"precision_micro\": 0.748321, \"precision_weighted\": 0.793051, \"recall_macro\": 0.798111, \"recall_micro\": 0.748321, \"recall_weighted\": 0.748321, \"f1_macro\": 0.772159, \"f1_micro\": 0.748321, \"f1_weighted\": 0.746129, \"train_s\": 326.8, \"aggregate_s\": 0.0, \"eval_s\": 16.3, \"round_s\": 343.1, \"commit_s\": 0.0, \"worst_round_s\": 405.4}\n"}
,{"stream_name":"stdout","time":13146.763693143,"data":"  {\"round\": 38, \"clients_done\": 5, \"of\": 20, \"lr\": 0.00014941707170162489, \"ce_mean\": 0.07664863385869138, \"grad_norm\": 1.7199333391474614, \"skipped\": 4, \"elapsed_s\": 144.0}\n"}
,{"stream_name":"stdout","time":13234.147174798,"data":"  {\"round\": 38, \"clients_done\": 10, \"of\": 20, \"lr\": 0.00014941707170162489, \"ce_mean\": 0.0663736635766507, \"grad_norm\": 1.5141951492892225, \"skipped\": 2, \"elapsed_s\": 231.3}\n"}
,{"stream_name":"stdout","time":13286.359471527,"data":"  {\"round\": 38, \"clients_done\": 15, \"of\": 20, \"lr\": 0.00014941707170162489, \"ce_mean\": 0.09753860532712953, \"grad_norm\": 1.8293191492872227, \"skipped\": 2, \"elapsed_s\": 283.6}\n"}
,{"stream_name":"stdout","time":13331.915178004,"data":"  {\"round\": 38, \"clients_done\": 20, \"of\": 20, \"lr\": 0.00014941707170162489, \"ce_mean\": 0.08682322867205904, \"grad_norm\": 1.5356185068370878, \"skipped\": 2, \"elapsed_s\": 329.1}\n"}
,{"stream_name":"stdout","time":13348.272724405,"data":"  {\"round\": 38, \"completed\": true, \"accuracy\": 0.747582, \"precision_macro\": 0.774565, \"precision_micro\": 0.747582, \"precision_weighted\": 0.792715, \"recall_macro\": 0.797857, \"recall_micro\": 0.747582, \"recall_weighted\": 0.747582, \"f1_macro\": 0.772051, \"f1_micro\": 0.747582, \"f1_weighted\": 0.745585, \"train_s\": 329.1, \"aggregate_s\": 0.0, \"eval_s\": 16.3, \"round_s\": 345.5, \"commit_s\": 0.0, \"worst_round_s\": 405.4}\n"}
,{"stream_name":"stdout","time":13491.328215131,"data":"  {\"round\": 39, \"clients_done\": 5, \"of\": 20, \"lr\": 0.00012808425060727857, \"ce_mean\": 0.07595408696856995, \"grad_norm\": 1.769966606274757, \"skipped\": 4, \"elapsed_s\": 143.0}\n"}
,{"stream_name":"stdout","time":13577.172186137,"data":"  {\"round\": 39, \"clients_done\": 10, \"of\": 20, \"lr\": 0.00012808425060727857, \"ce_mean\": 0.06546520830586132, \"grad_norm\": 1.5618055435459326, \"skipped\": 2, \"elapsed_s\": 228.9}\n"}
,{"stream_name":"stdout","time":13631.630759537,"data":"  {\"round\": 39, \"clients_done\": 15, \"of\": 20, \"lr\": 0.00012808425060727857, \"ce_mean\": 0.09721650674309529, \"grad_norm\": 1.9038790850572183, \"skipped\": 3, \"elapsed_s\": 283.3}\n"}
,{"stream_name":"stdout","time":13677.643587157,"data":"  {\"round\": 39, \"clients_done\": 20, \"of\": 20, \"lr\": 0.00012808425060727857, \"ce_mean\": 0.08663892802136244, \"grad_norm\": 1.5652833181500294, \"skipped\": 2, \"elapsed_s\": 329.3}\n"}
,{"stream_name":"stdout","time":13693.955607529,"data":"  {\"round\": 39, \"completed\": true, \"accuracy\": 0.747784, \"precision_macro\": 0.770072, \"precision_micro\": 0.747784, \"precision_weighted\": 0.791455, \"recall_macro\": 0.797171, \"recall_micro\": 0.747784, \"recall_weighted\": 0.747784, \"f1_macro\": 0.769241, \"f1_micro\": 0.747784, \"f1_weighted\": 0.745, \"train_s\": 329.3, \"aggregate_s\": 0.0, \"eval_s\": 16.3, \"round_s\": 345.7, \"commit_s\": 0.0, \"worst_round_s\": 405.4}\n"}
,{"stream_name":"stdout","time":13838.298017145,"data":"  {\"round\": 40, \"clients_done\": 5, \"of\": 20, \"lr\": 0.00010830025717536152, \"ce_mean\": 0.07501310816247299, \"grad_norm\": 1.8180282862013863, \"skipped\": 4, \"elapsed_s\": 144.3}\n"}
,{"stream_name":"stdout","time":13928.141639075,"data":"  {\"round\": 40, \"clients_done\": 10, \"of\": 20, \"lr\": 0.00010830025717536152, \"ce_mean\": 0.06518525554781536, \"grad_norm\": 1.6090668180599752, \"skipped\": 2, \"elapsed_s\": 234.2}\n"}
,{"stream_name":"stdout","time":13978.236541334,"data":"  {\"round\": 40, \"clients_done\": 15, \"of\": 20, \"lr\": 0.00010830025717536152, \"ce_mean\": 0.09681748940911092, \"grad_norm\": 1.9394655039612676, \"skipped\": 3, \"elapsed_s\": 284.3}\n"}
,{"stream_name":"stdout","time":14024.709021553,"data":"  {\"round\": 40, \"clients_done\": 20, \"of\": 20, \"lr\": 0.00010830025717536152, \"ce_mean\": 0.0869413719581631, \"grad_norm\": 1.5739973268183156, \"skipped\": 2, \"elapsed_s\": 330.7}\n"}
,{"stream_name":"stdout","time":14041.12791429,"data":"  {\"round\": 40, \"completed\": true, \"accuracy\": 0.74323, \"precision_macro\": 0.769477, \"precision_micro\": 0.74323, \"precision_weighted\": 0.790355, \"recall_macro\": 0.798585, \"recall_micro\": 0.74323, \"recall_weighted\": 0.74323, \"f1_macro\": 0.768339, \"f1_micro\": 0.74323, \"f1_weighted\": 0.738964, \"train_s\": 330.7, \"aggregate_s\": 0.0, \"eval_s\": 16.4, \"round_s\": 347.1, \"commit_s\": 0.0, \"worst_round_s\": 405.4}\n"}
,{"stream_name":"stdout","time":14182.853141317,"data":"  {\"round\": 41, \"clients_done\": 5, \"of\": 20, \"lr\": 9.01463880785389e-05, \"ce_mean\": 0.07523121488665263, \"grad_norm\": 1.877249223532589, \"skipped\": 4, \"elapsed_s\": 141.7}\n"}
,{"stream_name":"stdout","time":14271.637932832,"data":"  {\"round\": 41, \"clients_done\": 10, \"of\": 20, \"lr\": 9.01463880785389e-05, \"ce_mean\": 0.06503949484643055, \"grad_norm\": 1.65943869003355, \"skipped\": 2, \"elapsed_s\": 230.5}\n"}
,{"stream_name":"stdout","time":14320.88217926,"data":"  {\"round\": 41, \"clients_done\": 15, \"of\": 20, \"lr\": 9.01463880785389e-05, \"ce_mean\": 0.0965880165637379, \"grad_norm\": 2.015172480193662, \"skipped\": 3, \"elapsed_s\": 279.7}\n"}
,{"stream_name":"stdout","time":14365.937458126,"data":"  {\"round\": 41, \"clients_done\": 20, \"of\": 20, \"lr\": 9.01463880785389e-05, \"ce_mean\": 0.08782481810229406, \"grad_norm\": 1.5901005433782391, \"skipped\": 2, \"elapsed_s\": 324.8}\n"}
,{"stream_name":"stdout","time":14382.471198577,"data":"  {\"round\": 41, \"completed\": true, \"accuracy\": 0.742544, \"precision_macro\": 0.771171, \"precision_micro\": 0.742544, \"precision_weighted\": 0.791159, \"recall_macro\": 0.797597, \"recall_micro\": 0.742544, \"recall_weighted\": 0.742544, \"f1_macro\": 0.768411, \"f1_micro\": 0.742544, \"f1_weighted\": 0.738576, \"train_s\": 324.8, \"aggregate_s\": 0.0, \"eval_s\": 16.5, \"round_s\": 341.3, \"commit_s\": 0.0, \"worst_round_s\": 405.4}\n"}
,{"stream_name":"stdout","time":14528.027791467,"data":"  {\"round\": 42, \"clients_done\": 5, \"of\": 20, \"lr\": 7.369724145892235e-05, \"ce_mean\": 0.07534183423897754, \"grad_norm\": 1.9259591904483255, \"skipped\": 4, \"elapsed_s\": 145.5}\n"}
,{"stream_name":"stdout","time":14618.835414388,"data":"  {\"round\": 42, \"clients_done\": 10, \"of\": 20, \"lr\": 7.369724145892235e-05, \"ce_mean\": 0.06543877775258759, \"grad_norm\": 1.6858645145181932, \"skipped\": 2, \"elapsed_s\": 236.3}\n"}
,{"stream_name":"stdout","time":14669.206478718,"data":"  {\"round\": 42, \"clients_done\": 15, \"of\": 20, \"lr\": 7.369724145892235e-05, \"ce_mean\": 0.09737342512103873, \"grad_norm\": 2.068848859760123, \"skipped\": 3, \"elapsed_s\": 286.7}\n"}
,{"stream_name":"stdout","time":14715.722048531,"data":"  {\"round\": 42, \"clients_done\": 20, \"of\": 20, \"lr\": 7.369724145892235e-05, \"ce_mean\": 0.0895049204113065, \"grad_norm\": 1.6499693458296525, \"skipped\": 2, \"elapsed_s\": 333.2}\n"}
,{"stream_name":"stdout","time":14732.210113556,"data":"  {\"round\": 42, \"completed\": true, \"accuracy\": 0.741058, \"precision_macro\": 0.77046, \"precision_micro\": 0.741058, \"precision_weighted\": 0.791184, \"recall_macro\": 0.798865, \"recall_micro\": 0.741058, \"recall_weighted\": 0.741058, \"f1_macro\": 0.76823, \"f1_micro\": 0.741058, \"f1_weighted\": 0.7363, \"train_s\": 333.2, \"aggregate_s\": 0.0, \"eval_s\": 16.5, \"round_s\": 349.7, \"commit_s\": 0.0, \"worst_round_s\": 405.4}\n"}
,{"stream_name":"stdout","time":14874.415879198,"data":"  {\"round\": 43, \"clients_done\": 5, \"of\": 20, \"lr\": 5.902041038830258e-05, \"ce_mean\": 0.07635821135386658, \"grad_norm\": 2.0129984442518905, \"skipped\": 4, \"elapsed_s\": 142.2}\n"}
,{"stream_name":"stdout","time":14961.498698437,"data":"  {\"round\": 43, \"clients_done\": 10, \"of\": 20, \"lr\": 5.902041038830258e-05, \"ce_mean\": 0.06619811994830217, \"grad_norm\": 1.7383574510583841, \"skipped\": 2, \"elapsed_s\": 229.3}\n"}
,{"stream_name":"stdout","time":15014.184095809,"data":"  {\"round\": 43, \"clients_done\": 15, \"of\": 20, \"lr\": 5.902041038830258e-05, \"ce_mean\": 0.098727470720318, \"grad_norm\": 2.143708049075704, \"skipped\": 3, \"elapsed_s\": 281.9}\n"}
,{"stream_name":"stdout","time":15057.891378474,"data":"  {\"round\": 43, \"clients_done\": 20, \"of\": 20, \"lr\": 5.902041038830258e-05, \"ce_mean\": 0.09234771099101816, \"grad_norm\": 1.6968084188089274, \"skipped\": 3, \"elapsed_s\": 325.6}\n"}
,{"stream_name":"stdout","time":15074.249730084,"data":"  {\"round\": 43, \"completed\": true, \"accuracy\": 0.743048, \"precision_macro\": 0.772633, \"precision_micro\": 0.743048, \"precision_weighted\": 0.792629, \"recall_macro\": 0.79942, \"recall_micro\": 0.743048, \"recall_weighted\": 0.743048, \"f1_macro\": 0.769781, \"f1_micro\": 0.743048, \"f1_weighted\": 0.73874, \"train_s\": 325.6, \"aggregate_s\": 0.0, \"eval_s\": 16.3, \"round_s\": 342.0, \"commit_s\": 0.0, \"worst_round_s\": 405.4}\n"}
,{"stream_name":"stdout","time":15216.631697579,"data":"  {\"round\": 44, \"clients_done\": 5, \"of\": 20, \"lr\": 4.617620511371929e-05, \"ce_mean\": 0.07802160618156678, \"grad_norm\": 2.0830011309416636, \"skipped\": 4, \"elapsed_s\": 142.4}\n"}
,{"stream_name":"stdout","time":15302.691864832,"data":"  {\"round\": 44, \"clients_done\": 10, \"of\": 20, \"lr\": 4.617620511371929e-05, \"ce_mean\": 0.06824267524081697, \"grad_norm\": 1.789066958572565, \"skipped\": 2, \"elapsed_s\": 228.4}\n"}
,{"stream_name":"stdout","time":15355.300110574,"data":"  {\"round\": 44, \"clients_done\": 15, \"of\": 20, \"lr\": 4.617620511371929e-05, \"ce_mean\": 0.10096212037852113, \"grad_norm\": 2.2292997978102993, \"skipped\": 3, \"elapsed_s\": 281.0}\n"}
,{"stream_name":"stdout","time":15400.703238705,"data":"  {\"round\": 44, \"clients_done\": 20, \"of\": 20, \"lr\": 4.617620511371929e-05, \"ce_mean\": 0.0951816482454082, \"grad_norm\": 1.7522494582321113, \"skipped\": 2, \"elapsed_s\": 326.4}\n"}
,{"stream_name":"stdout","time":15417.02046123,"data":"  {\"round\": 44, \"completed\": true, \"accuracy\": 0.734397, \"precision_macro\": 0.757363, \"precision_micro\": 0.734397, \"precision_weighted\": 0.785174, \"recall_macro\": 0.788417, \"recall_micro\": 0.734397, \"recall_weighted\": 0.734397, \"f1_macro\": 0.753621, \"f1_micro\": 0.734397, \"f1_weighted\": 0.728914, \"train_s\": 326.4, \"aggregate_s\": 0.0, \"eval_s\": 16.3, \"round_s\": 342.7, \"commit_s\": 0.0, \"worst_round_s\": 405.4}\n"}
,{"stream_name":"stdout","time":15562.834845767,"data":"  {\"round\": 45, \"clients_done\": 5, \"of\": 20, \"lr\": 3.521740522971908e-05, \"ce_mean\": 0.0801135328634205, \"grad_norm\": 2.185615976379636, \"skipped\": 4, \"elapsed_s\": 145.8}\n"}
,{"stream_name":"stdout","time":15649.830519796,"data":"  {\"round\": 45, \"clients_done\": 10, \"of\": 20, \"lr\": 3.521740522971908e-05, \"ce_mean\": 0.07069563746914127, \"grad_norm\": 1.8585700249896238, \"skipped\": 2, \"elapsed_s\": 232.8}\n"}
,{"stream_name":"stdout","time":15701.646647764,"data":"  {\"round\": 45, \"clients_done\": 15, \"of\": 20, \"lr\": 3.521740522971908e-05, \"ce_mean\": 0.10421917279897043, \"grad_norm\": 2.3231296129773846, \"skipped\": 2, \"elapsed_s\": 284.6}\n"}
,{"stream_name":"stdout","time":15746.120830591,"data":"  {\"round\": 45, \"clients_done\": 20, \"of\": 20, \"lr\": 3.521740522971908e-05, \"ce_mean\": 0.10004203985099658, \"grad_norm\": 1.8218217721676238, \"skipped\": 2, \"elapsed_s\": 329.1}\n"}
,{"stream_name":"stdout","time":15762.559701759,"data":"  {\"round\": 45, \"completed\": true, \"accuracy\": 0.742135, \"precision_macro\": 0.769822, \"precision_micro\": 0.742135, \"precision_weighted\": 0.792079, \"recall_macro\": 0.799877, \"recall_micro\": 0.742135, \"recall_weighted\": 0.742135, \"f1_macro\": 0.768644, \"f1_micro\": 0.742135, \"f1_weighted\": 0.737784, \"train_s\": 329.1, \"aggregate_s\": 0.0, \"eval_s\": 16.4, \"round_s\": 345.5, \"commit_s\": 0.0, \"worst_round_s\": 405.4}\n"}
,{"stream_name":"stdout","time":15905.308182744,"data":"  {\"round\": 46, \"clients_done\": 5, \"of\": 20, \"lr\": 2.618904279568042e-05, \"ce_mean\": 0.08407897729430647, \"grad_norm\": 2.29873933060632, \"skipped\": 4, \"elapsed_s\": 142.7}\n"}
,{"stream_name":"stdout","time":15993.386797551,"data":"  {\"round\": 46, \"clients_done\": 10, \"of\": 20, \"lr\": 2.618904279568042e-05, \"ce_mean\": 0.07451369133058937, \"grad_norm\": 1.9378869500553404, \"skipped\": 2, \"elapsed_s\": 230.8}\n"}
,{"stream_name":"stdout","time":16042.687049427,"data":"  {\"round\": 46, \"clients_done\": 15, \"of\": 20, \"lr\": 2.618904279568042e-05, \"ce_mean\": 0.10873132625096281, \"grad_norm\": 2.445992999009683, \"skipped\": 3, \"elapsed_s\": 280.1}\n"}
,{"stream_name":"stdout","time":16090.362034487,"data":"  {\"round\": 46, \"clients_done\": 20, \"of\": 20, \"lr\": 2.618904279568042e-05, \"ce_mean\": 0.10591064381234357, \"grad_norm\": 1.911118578152606, \"skipped\": 2, \"elapsed_s\": 327.8}\n"}
,{"stream_name":"stdout","time":16107.214413249,"data":"  {\"round\": 46, \"completed\": true, \"accuracy\": 0.742711, \"precision_macro\": 0.772146, \"precision_micro\": 0.742711, \"precision_weighted\": 0.793906, \"recall_macro\": 0.800282, \"recall_micro\": 0.742711, \"recall_weighted\": 0.742711, \"f1_macro\": 0.769997, \"f1_micro\": 0.742711, \"f1_weighted\": 0.739019, \"train_s\": 327.8, \"aggregate_s\": 0.0, \"eval_s\": 16.8, \"round_s\": 344.6, \"commit_s\": 0.1, \"worst_round_s\": 405.4}\n"}
,{"stream_name":"stdout","time":16247.686988875,"data":"  {\"round\": 47, \"clients_done\": 5, \"of\": 20, \"lr\": 1.9128217289422665e-05, \"ce_mean\": 0.08893704714859223, \"grad_norm\": 2.437438635161595, \"skipped\": 4, \"elapsed_s\": 140.4}\n"}
,{"stream_name":"stdout","time":16336.202825672,"data":"  {\"round\": 47, \"clients_done\": 10, \"of\": 20, \"lr\": 1.9128217289422665e-05, \"ce_mean\": 0.07912863386393319, \"grad_norm\": 2.0320407372249516, \"skipped\": 3, \"elapsed_s\": 229.0}\n"}
,{"stream_name":"stdout","time":16387.099549714,"data":"  {\"round\": 47, \"clients_done\": 15, \"of\": 20, \"lr\": 1.9128217289422665e-05, \"ce_mean\": 0.1143553505481129, \"grad_norm\": 2.562533698283451, \"skipped\": 3, \"elapsed_s\": 279.9}\n"}
,{"stream_name":"stdout","time":16434.523181724,"data":"  {\"round\": 47, \"clients_done\": 20, \"of\": 20, \"lr\": 1.9128217289422665e-05, \"ce_mean\": 0.11352765651471347, \"grad_norm\": 2.045537909270035, \"skipped\": 3, \"elapsed_s\": 327.3}\n"}
,{"stream_name":"stdout","time":16450.8797493,"data":"  {\"round\": 47, \"completed\": true, \"accuracy\": 0.744352, \"precision_macro\": 0.772839, \"precision_micro\": 0.744352, \"precision_weighted\": 0.794228, \"recall_macro\": 0.79865, \"recall_micro\": 0.744352, \"recall_weighted\": 0.744352, \"f1_macro\": 0.770016, \"f1_micro\": 0.744352, \"f1_weighted\": 0.741815, \"train_s\": 327.3, \"aggregate_s\": 0.0, \"eval_s\": 16.3, \"round_s\": 343.6, \"commit_s\": 0.0, \"worst_round_s\": 405.4}\n"}
,{"stream_name":"stdout","time":16590.696315354,"data":"  {\"round\": 48, \"clients_done\": 5, \"of\": 20, \"lr\": 1.4063943157493203e-05, \"ce_mean\": 0.09450944482228461, \"grad_norm\": 2.5788763236518726, \"skipped\": 4, \"elapsed_s\": 139.8}\n"}
,{"stream_name":"stdout","time":16682.066241167,"data":"  {\"round\": 48, \"clients_done\": 10, \"of\": 20, \"lr\": 1.4063943157493203e-05, \"ce_mean\": 0.08415108170374758, \"grad_norm\": 2.1356567990799666, \"skipped\": 2, \"elapsed_s\": 231.2}\n"}
,{"stream_name":"stdout","time":16731.413812711,"data":"  {\"round\": 48, \"clients_done\": 15, \"of\": 20, \"lr\": 1.4063943157493203e-05, \"ce_mean\": 0.1976162000603681, \"grad_norm\": 3.6849051242168467, \"skipped\": 3, \"elapsed_s\": 280.5}\n"}
,{"stream_name":"stdout","time":16777.605027222,"data":"  {\"round\": 48, \"clients_done\": 20, \"of\": 20, \"lr\": 1.4063943157493203e-05, \"ce_mean\": 0.12223141546030218, \"grad_norm\": 2.168694410172363, \"skipped\": 3, \"elapsed_s\": 326.7}\n"}
,{"stream_name":"stdout","time":16794.45116554,"data":"  {\"round\": 48, \"completed\": true, \"accuracy\": 0.746035, \"precision_macro\": 0.77532, \"precision_micro\": 0.746035, \"precision_weighted\": 0.796487, \"recall_macro\": 0.801397, \"recall_micro\": 0.746035, \"recall_weighted\": 0.746035, \"f1_macro\": 0.773138, \"f1_micro\": 0.746035, \"f1_weighted\": 0.744092, \"train_s\": 326.7, \"aggregate_s\": 0.0, \"eval_s\": 16.8, \"round_s\": 343.5, \"commit_s\": 0.0, \"worst_round_s\": 405.4}\n"}
,{"stream_name":"stdout","time":16936.72099229,"data":"  {\"round\": 49, \"clients_done\": 5, \"of\": 20, \"lr\": 1.1017030588583515e-05, \"ce_mean\": 0.09852694348775437, \"grad_norm\": 2.695147013720061, \"skipped\": 5, \"elapsed_s\": 142.2}\n"}
,{"stream_name":"stdout","time":17026.437413839,"data":"  {\"round\": 49, \"clients_done\": 10, \"of\": 20, \"lr\": 1.1017030588583515e-05, \"ce_mean\": 0.08820026779808125, \"grad_norm\": 2.18407311410487, \"skipped\": 2, \"elapsed_s\": 232.0}\n"}
,{"stream_name":"stdout","time":17074.85134989,"data":"  {\"round\": 49, \"clients_done\": 15, \"of\": 20, \"lr\": 1.1017030588583515e-05, \"ce_mean\": 0.12698373928875992, \"grad_norm\": 2.821321729203345, \"skipped\": 3, \"elapsed_s\": 280.4}\n"}
,{"stream_name":"stdout","time":17120.361681117,"data":"  {\"round\": 49, \"clients_done\": 20, \"of\": 20, \"lr\": 1.1017030588583515e-05, \"ce_mean\": 0.12915050744729553, \"grad_norm\": 2.281525053601664, \"skipped\": 2, \"elapsed_s\": 325.9}\n"}
,{"stream_name":"stdout","time":17137.341277342,"data":"  {\"round\": 49, \"completed\": true, \"accuracy\": 0.748777, \"precision_macro\": 0.777046, \"precision_micro\": 0.748777, \"precision_weighted\": 0.797965, \"recall_macro\": 0.801933, \"recall_micro\": 0.748777, \"recall_weighted\": 0.748777, \"f1_macro\": 0.77511, \"f1_micro\": 0.748777, \"f1_weighted\": 0.747972, \"train_s\": 325.9, \"aggregate_s\": 0.0, \"eval_s\": 17.0, \"round_s\": 342.9, \"commit_s\": 0.0, \"worst_round_s\": 405.4}\n"}
,{"stream_name":"stdout","time":17285.017512139,"data":"  {\"round\": 50, \"clients_done\": 5, \"of\": 20, \"lr\": 1e-05, \"ce_mean\": 0.09935898140346484, \"grad_norm\": 2.7196731100333094, \"skipped\": 4, \"elapsed_s\": 147.6}\n"}
,{"stream_name":"stdout","time":17373.112021663,"data":"  {\"round\": 50, \"clients_done\": 10, \"of\": 20, \"lr\": 1e-05, \"ce_mean\": 0.0892124397687379, \"grad_norm\": 2.2075354740246262, \"skipped\": 2, \"elapsed_s\": 235.7}\n"}
,{"stream_name":"stdout","time":17422.668298614,"data":"  {\"round\": 50, \"clients_done\": 15, \"of\": 20, \"lr\": 1e-05, \"ce_mean\": 0.12863242995571084, \"grad_norm\": 2.8582763671875, \"skipped\": 3, \"elapsed_s\": 285.3}\n"}
,{"stream_name":"stdout","time":17468.783222083,"data":"  {\"round\": 50, \"clients_done\": 20, \"of\": 20, \"lr\": 1e-05, \"ce_mean\": 0.13174475342228473, \"grad_norm\": 2.333232675079184, \"skipped\": 3, \"elapsed_s\": 331.4}\n"}
,{"stream_name":"stdout","time":17485.151326398,"data":"  {\"round\": 50, \"completed\": true, \"accuracy\": 0.74866, \"precision_macro\": 0.778144, \"precision_micro\": 0.74866, \"precision_weighted\": 0.798608, \"recall_macro\": 0.801513, \"recall_micro\": 0.74866, \"recall_weighted\": 0.74866, \"f1_macro\": 0.775221, \"f1_micro\": 0.74866, \"f1_weighted\": 0.748068, \"train_s\": 331.4, \"aggregate_s\": 0.0, \"eval_s\": 16.3, \"round_s\": 347.8, \"commit_s\": 0.0, \"worst_round_s\": 405.4}\n"}
,{"stream_name":"stdout","time":17493.019219533,"data":"done in 4.85 h; last complete round 50\n"}
,{"stream_name":"stdout","time":17493.898127769,"data":"\n"}
,{"stream_name":"stdout","time":17493.898189747,"data":"exit=0 after 4.85 h\n"}
,{"stream_name":"stdout","time":17494.980790079,"data":"50 completed rounds\n"}
,{"stream_name":"stdout","time":17495.545127833,"data":"{\n"}
,{"stream_name":"stdout","time":17495.545168942,"data":"  \"round\": 50,\n"}
,{"stream_name":"stdout","time":17495.547736529,"data":"  \"accuracy\": 0.7486600882436328,\n"}
,{"stream_name":"stdout","time":17495.547770694,"data":"  \"precision_macro\": 0.7781436696866444,\n"}
,{"stream_name":"stdout","time":17495.547779029,"data":"  \"precision_micro\": 0.7486600882436328,\n"}
,{"stream_name":"stdout","time":17495.547785404,"data":"  \"precision_weighted\": 0.7986079497532889,\n"}
,{"stream_name":"stdout","time":17495.547792027,"data":"  \"recall_macro\": 0.801513429681735,\n"}
,{"stream_name":"stdout","time":17495.547797995,"data":"  \"recall_micro\": 0.7486600882436328,\n"}
,{"stream_name":"stdout","time":17495.547804329,"data":"  \"recall_weighted\": 0.7486600882436327,\n"}
,{"stream_name":"stdout","time":17495.547810582,"data":"  \"f1_macro\": 0.7752205217065834,\n"}
,{"stream_name":"stdout","time":17495.54781587,"data":"  \"f1_micro\": 0.7486600882436328,\n"}
,{"stream_name":"stdout","time":17495.547820962,"data":"  \"f1_weighted\": 0.7480681421293267,\n"}
,{"stream_name":"stdout","time":17495.547826134,"data":"  \"timing\": {\n"}
,{"stream_name":"stdout","time":17495.54783133,"data":"    \"train_s\": 331.40931294000256,\n"}
,{"stream_name":"stdout","time":17495.547836406,"data":"    \"aggregate_s\": 0.03112740200231201,\n"}
,{"stream_name":"stdout","time":17495.547841555,"data":"    \"eval_s\": 16.336262032000377,\n"}
,{"stream_name":"stdout","time":17495.547846791,"data":"    \"round_s\": 347.7767048960013\n"}
,{"stream_name":"stdout","time":17495.547851923,"data":"  },\n"}
,{"stream_name":"stdout","time":17495.547857079,"data":"  \"test_rows\": 10761343\n"}
,{"stream_name":"stdout","time":17495.547868358,"data":"}\n"}
,{"stream_name":"stdout","time":17495.547872089,"data":"\n"}
,{"stream_name":"stdout","time":17495.547875398,"data":"artifact sizes:\n"}
,{"stream_name":"stdout","time":17495.547878798,"data":"4.0K\t/kaggle/working/runs/afpha-dagsnet-20client/clusters.json\r\n"}
,{"stream_name":"stdout","time":17495.547882678,"data":"4.0K\t/kaggle/working/runs/afpha-dagsnet-20client/config.json\r\n"}
,{"stream_name":"stdout","time":17495.547886211,"data":"4.0K\t/kaggle/working/runs/afpha-dagsnet-20client/wandb_run.json\r\n"}
,{"stream_name":"stdout","time":17495.547889932,"data":"40K\t/kaggle/working/runs/afpha-dagsnet-20client/model_source\r\n"}
,{"stream_name":"stdout","time":17495.547893869,"data":"60K\t/kaggle/working/runs/afpha-dagsnet-20client/heartbeat.jsonl\r\n"}
,{"stream_name":"stdout","time":17495.547897724,"data":"204K\t/kaggle/working/runs/afpha-dagsnet-20client/complete\r\n"}
,{"stream_name":"stdout","time":17495.547901227,"data":"204K\t/kaggle/working/runs/afpha-dagsnet-20client/confusion\r\n"}
,{"stream_name":"stdout","time":17495.547915821,"data":"204K\t/kaggle/working/runs/afpha-dagsnet-20client/per_class\r\n"}
,{"stream_name":"stdout","time":17495.547918764,"data":"204K\t/kaggle/working/runs/afpha-dagsnet-20client/resume\r\n"}
,{"stream_name":"stdout","time":17495.547921429,"data":"212K\t/kaggle/working/runs/afpha-dagsnet-20client/metrics\r\n"}
,{"stream_name":"stdout","time":17495.547924161,"data":"604K\t/kaggle/working/runs/afpha-dagsnet-20client/client_log\r\n"}
,{"stream_name":"stdout","time":17495.547926899,"data":"3.7M\t/kaggle/working/runs/afpha-dagsnet-20client/wandb\r\n"}
,{"stream_name":"stdout","time":17495.547929548,"data":"79M\t/kaggle/working/runs/afpha-dagsnet-20client/weights\r\n"}
,{"stream_name":"stdout","time":17495.547932315,"data":"524M\t/kaggle/working/runs/afpha-dagsnet-20client/preds\r\n"}
,{"stream_name":"stderr","time":17500.442216459,"data":"/usr/local/lib/python3.12/dist-packages/mistune.py:435: SyntaxWarning: invalid escape sequence '\\|'\n"}
,{"stream_name":"stderr","time":17500.442280517,"data":"  cells[i][c] = re.sub('\\\\\\\\\\|', '|', cell)\n"}
,{"stream_name":"stderr","time":17500.708984215,"data":"/usr/local/lib/python3.12/dist-packages/nbconvert/filters/filter_links.py:36: SyntaxWarning: invalid escape sequence '\\_'\n"}
,{"stream_name":"stderr","time":17500.709019023,"data":"  text = re.sub(r'_', '\\_', text) # Escape underscores in display text\n"}
,{"stream_name":"stderr","time":17501.569131176,"data":"[NbConvertApp] Converting notebook __notebook__.ipynb to notebook\n"}
,{"stream_name":"stderr","time":17501.975610269,"data":"[NbConvertApp] Writing 319893 bytes to __notebook__.ipynb\n"}
,{"stream_name":"stderr","time":17504.743845151,"data":"[NbConvertApp] Converting notebook __notebook__.ipynb to html\n"}
,{"stream_name":"stderr","time":17505.913490514,"data":"[NbConvertApp] Support files will be in __results___files/\n"}
,{"stream_name":"stderr","time":17505.913532867,"data":"[NbConvertApp] Making directory __results___files\n"}
,{"stream_name":"stderr","time":17505.914036443,"data":"[NbConvertApp] Writing 789834 bytes to __results__.html\n"}
]